Archive member included to satisfy reference by file (symbol)

C:/Tools/ARMGNU~1/14EFD8~1.2RE/bin/../lib/gcc/arm-none-eabi/14.2.1/thumb/v7e-m+dp/hard\libc_nano.a(libc_a-exit.o)
                              C:/Tools/ARMGNU~1/14EFD8~1.2RE/bin/../lib/gcc/arm-none-eabi/14.2.1/thumb/v7e-m+dp/hard/crt0.o (exit)
C:/Tools/ARMGNU~1/14EFD8~1.2RE/bin/../lib/gcc/arm-none-eabi/14.2.1/thumb/v7e-m+dp/hard\libc_nano.a(libc_a-nano-vfprintf_float.o)
                              (_printf_float)
C:/Tools/ARMGNU~1/14EFD8~1.2RE/bin/../lib/gcc/arm-none-eabi/14.2.1/thumb/v7e-m+dp/hard\libc_nano.a(libc_a-nano-vfprintf_i.o)
                              C:/Tools/ARMGNU~1/14EFD8~1.2RE/bin/../lib/gcc/arm-none-eabi/14.2.1/thumb/v7e-m+dp/hard\libc_nano.a(libc_a-nano-vfprintf_float.o) (_printf_common)
C:/Tools/ARMGNU~1/14EFD8~1.2RE/bin/../lib/gcc/arm-none-eabi/14.2.1/thumb/v7e-m+dp/hard\libc_nano.a(libc_a-findfp.o)
                              C:/Tools/ARMGNU~1/14EFD8~1.2RE/bin/../lib/gcc/arm-none-eabi/14.2.1/thumb/v7e-m+dp/hard\libc_nano.a(libc_a-exit.o) (__stdio_exit_handler)
C:/Tools/ARMGNU~1/14EFD8~1.2RE/bin/../lib/gcc/arm-none-eabi/14.2.1/thumb/v7e-m+dp/hard\libc_nano.a(libc_a-fwalk.o)
                              C:/Tools/ARMGNU~1/14EFD8~1.2RE/bin/../lib/gcc/arm-none-eabi/14.2.1/thumb/v7e-m+dp/hard\libc_nano.a(libc_a-findfp.o) (_fwalk_sglue)
C:/Tools/ARMGNU~1/14EFD8~1.2RE/bin/../lib/gcc/arm-none-eabi/14.2.1/thumb/v7e-m+dp/hard\libc_nano.a(libc_a-stdio.o)
                              C:/Tools/ARMGNU~1/14EFD8~1.2RE/bin/../lib/gcc/arm-none-eabi/14.2.1/thumb/v7e-m+dp/hard\libc_nano.a(libc_a-findfp.o) (__sread)
C:/Tools/ARMGNU~1/14EFD8~1.2RE/bin/../lib/gcc/arm-none-eabi/14.2.1/thumb/v7e-m+dp/hard\libc_nano.a(libc_a-memset.o)
                              C:/Tools/ARMGNU~1/14EFD8~1.2RE/bin/../lib/gcc/arm-none-eabi/14.2.1/thumb/v7e-m+dp/hard/crt0.o (memset)
C:/Tools/ARMGNU~1/14EFD8~1.2RE/bin/../lib/gcc/arm-none-eabi/14.2.1/thumb/v7e-m+dp/hard\libc_nano.a(libc_a-localeconv.o)
                              C:/Tools/ARMGNU~1/14EFD8~1.2RE/bin/../lib/gcc/arm-none-eabi/14.2.1/thumb/v7e-m+dp/hard\libc_nano.a(libc_a-nano-vfprintf_float.o) (_localeconv_r)
C:/Tools/ARMGNU~1/14EFD8~1.2RE/bin/../lib/gcc/arm-none-eabi/14.2.1/thumb/v7e-m+dp/hard\libc_nano.a(libc_a-closer.o)
                              C:/Tools/ARMGNU~1/14EFD8~1.2RE/bin/../lib/gcc/arm-none-eabi/14.2.1/thumb/v7e-m+dp/hard\libc_nano.a(libc_a-stdio.o) (_close_r)
C:/Tools/ARMGNU~1/14EFD8~1.2RE/bin/../lib/gcc/arm-none-eabi/14.2.1/thumb/v7e-m+dp/hard\libc_nano.a(libc_a-reent.o)
                              C:/Tools/ARMGNU~1/14EFD8~1.2RE/bin/../lib/gcc/arm-none-eabi/14.2.1/thumb/v7e-m+dp/hard\libc_nano.a(libc_a-closer.o) (errno)
C:/Tools/ARMGNU~1/14EFD8~1.2RE/bin/../lib/gcc/arm-none-eabi/14.2.1/thumb/v7e-m+dp/hard\libc_nano.a(libc_a-impure.o)
                              C:/Tools/ARMGNU~1/14EFD8~1.2RE/bin/../lib/gcc/arm-none-eabi/14.2.1/thumb/v7e-m+dp/hard\libc_nano.a(libc_a-reent.o) (_impure_ptr)
C:/Tools/ARMGNU~1/14EFD8~1.2RE/bin/../lib/gcc/arm-none-eabi/14.2.1/thumb/v7e-m+dp/hard\libc_nano.a(libc_a-lseekr.o)
                              C:/Tools/ARMGNU~1/14EFD8~1.2RE/bin/../lib/gcc/arm-none-eabi/14.2.1/thumb/v7e-m+dp/hard\libc_nano.a(libc_a-stdio.o) (_lseek_r)
C:/Tools/ARMGNU~1/14EFD8~1.2RE/bin/../lib/gcc/arm-none-eabi/14.2.1/thumb/v7e-m+dp/hard\libc_nano.a(libc_a-readr.o)
                              C:/Tools/ARMGNU~1/14EFD8~1.2RE/bin/../lib/gcc/arm-none-eabi/14.2.1/thumb/v7e-m+dp/hard\libc_nano.a(libc_a-stdio.o) (_read_r)
C:/Tools/ARMGNU~1/14EFD8~1.2RE/bin/../lib/gcc/arm-none-eabi/14.2.1/thumb/v7e-m+dp/hard\libc_nano.a(libc_a-writer.o)
                              C:/Tools/ARMGNU~1/14EFD8~1.2RE/bin/../lib/gcc/arm-none-eabi/14.2.1/thumb/v7e-m+dp/hard\libc_nano.a(libc_a-stdio.o) (_write_r)
C:/Tools/ARMGNU~1/14EFD8~1.2RE/bin/../lib/gcc/arm-none-eabi/14.2.1/thumb/v7e-m+dp/hard\libc_nano.a(libc_a-init.o)
                              C:/Tools/ARMGNU~1/14EFD8~1.2RE/bin/../lib/gcc/arm-none-eabi/14.2.1/thumb/v7e-m+dp/hard/crt0.o (__libc_init_array)
C:/Tools/ARMGNU~1/14EFD8~1.2RE/bin/../lib/gcc/arm-none-eabi/14.2.1/thumb/v7e-m+dp/hard\libc_nano.a(libc_a-lock.o)
                              C:/Tools/ARMGNU~1/14EFD8~1.2RE/bin/../lib/gcc/arm-none-eabi/14.2.1/thumb/v7e-m+dp/hard\libc_nano.a(libc_a-findfp.o) (__retarget_lock_init_recursive)
C:/Tools/ARMGNU~1/14EFD8~1.2RE/bin/../lib/gcc/arm-none-eabi/14.2.1/thumb/v7e-m+dp/hard\libc_nano.a(libc_a-memchr.o)
                              C:/Tools/ARMGNU~1/14EFD8~1.2RE/bin/../lib/gcc/arm-none-eabi/14.2.1/thumb/v7e-m+dp/hard\libc_nano.a(libc_a-nano-vfprintf_i.o) (memchr)
C:/Tools/ARMGNU~1/14EFD8~1.2RE/bin/../lib/gcc/arm-none-eabi/14.2.1/thumb/v7e-m+dp/hard\libc_nano.a(libc_a-strlen.o)
                              C:/Tools/ARMGNU~1/14EFD8~1.2RE/bin/../lib/gcc/arm-none-eabi/14.2.1/thumb/v7e-m+dp/hard\libc_nano.a(libc_a-nano-vfprintf_float.o) (strlen)
[...]
Memory Configuration

Name             Origin             Length             Attributes
DTCMRAM          0x20000000         0x00020000         xrw
RAM              0x24000000         0x00080000         xrw
RAM_D2           0x30000000         0x00048000         xrw
RAM_D3           0x38000000         0x00010000         xrw
ITCMRAM          0x00000000         0x00010000         xrw
FLASH            0x08000000         0x00020000         xr
*default*        0x00000000         0xffffffff

Linker script and memory map

LOAD C:/Tools/ARMGNU~1/14EFD8~1.2RE/bin/../lib/gcc/arm-none-eabi/14.2.1/thumb/v7e-m+dp/hard/crti.o
LOAD C:/Tools/ARMGNU~1/14EFD8~1.2RE/bin/../lib/gcc/arm-none-eabi/14.2.1/thumb/v7e-m+dp/hard/crtbegin.o
LOAD C:/Tools/ARMGNU~1/14EFD8~1.2RE/bin/../lib/gcc/arm-none-eabi/14.2.1/thumb/v7e-m+dp/hard/crt0.o
START GROUP
LOAD C:/Tools/ARMGNU~1/14EFD8~1.2RE/bin/../lib/gcc/arm-none-eabi/14.2.1/thumb/v7e-m+dp/hard\libc_nano.a
LOAD C:/Tools/ARMGNU~1/14EFD8~1.2RE/bin/../lib/gcc/arm-none-eabi/14.2.1/thumb/v7e-m+dp/hard\libm.a
END GROUP
LOAD CMakeFiles/H750VBT6.dir/Core/Src/main.c.obj
LOAD CMakeFiles/H750VBT6.dir/Core/Src/gpio.c.obj
LOAD CMakeFiles/H750VBT6.dir/Core/Src/memorymap.c.obj
LOAD CMakeFiles/H750VBT6.dir/Core/Src/spi.c.obj
LOAD CMakeFiles/H750VBT6.dir/Core/Src/tim.c.obj
LOAD CMakeFiles/H750VBT6.dir/Core/Src/usart.c.obj
LOAD CMakeFiles/H750VBT6.dir/Core/Src/stm32h7xx_it.c.obj
LOAD CMakeFiles/H750VBT6.dir/Core/Src/stm32h7xx_hal_msp.c.obj
LOAD CMakeFiles/H750VBT6.dir/Drivers/STM32H7xx_HAL_Driver/Src/stm32h7xx_hal_cortex.c.obj
LOAD CMakeFiles/H750VBT6.dir/Drivers/STM32H7xx_HAL_Driver/Src/stm32h7xx_hal_rcc.c.obj
LOAD CMakeFiles/H750VBT6.dir/Drivers/STM32H7xx_HAL_Driver/Src/stm32h7xx_hal_rcc_ex.c.obj
LOAD CMakeFiles/H750VBT6.dir/Drivers/STM32H7xx_HAL_Driver/Src/stm32h7xx_hal_flash.c.obj
LOAD CMakeFiles/H750VBT6.dir/Drivers/STM32H7xx_HAL_Driver/Src/stm32h7xx_hal_flash_ex.c.obj
LOAD CMakeFiles/H750VBT6.dir/Drivers/STM32H7xx_HAL_Driver/Src/stm32h7xx_hal_gpio.c.obj
LOAD CMakeFiles/H750VBT6.dir/Drivers/STM32H7xx_HAL_Driver/Src/stm32h7xx_hal_hsem.c.obj
LOAD CMakeFiles/H750VBT6.dir/Drivers/STM32H7xx_HAL_Driver/Src/stm32h7xx_hal_dma.c.obj
LOAD CMakeFiles/H750VBT6.dir/Drivers/STM32H7xx_HAL_Driver/Src/stm32h7xx_hal_dma_ex.c.obj
LOAD CMakeFiles/H750VBT6.dir/Drivers/STM32H7xx_HAL_Driver/Src/stm32h7xx_hal_mdma.c.obj
LOAD CMakeFiles/H750VBT6.dir/Drivers/STM32H7xx_HAL_Driver/Src/stm32h7xx_hal_pwr.c.obj
LOAD CMakeFiles/H750VBT6.dir/Drivers/STM32H7xx_HAL_Driver/Src/stm32h7xx_hal_pwr_ex.c.obj
LOAD CMakeFiles/H750VBT6.dir/Drivers/STM32H7xx_HAL_Driver/Src/stm32h7xx_hal.c.obj
LOAD CMakeFiles/H750VBT6.dir/Drivers/STM32H7xx_HAL_Driver/Src/stm32h7xx_hal_i2c.c.obj
LOAD CMakeFiles/H750VBT6.dir/Drivers/STM32H7xx_HAL_Driver/Src/stm32h7xx_hal_i2c_ex.c.obj
LOAD CMakeFiles/H750VBT6.dir/Drivers/STM32H7xx_HAL_Driver/Src/stm32h7xx_hal_exti.c.obj
LOAD CMakeFiles/H750VBT6.dir/Drivers/STM32H7xx_HAL_Driver/Src/stm32h7xx_hal_spi.c.obj
LOAD CMakeFiles/H750VBT6.dir/Drivers/STM32H7xx_HAL_Driver/Src/stm32h7xx_hal_spi_ex.c.obj
LOAD CMakeFiles/H750VBT6.dir/Drivers/STM32H7xx_HAL_Driver/Src/stm32h7xx_hal_tim.c.obj
LOAD CMakeFiles/H750VBT6.dir/Drivers/STM32H7xx_HAL_Driver/Src/stm32h7xx_hal_tim_ex.c.obj
LOAD CMakeFiles/H750VBT6.dir/Drivers/STM32H7xx_HAL_Driver/Src/stm32h7xx_hal_uart.c.obj
LOAD CMakeFiles/H750VBT6.dir/Drivers/STM32H7xx_HAL_Driver/Src/stm32h7xx_hal_uart_ex.c.obj
LOAD CMakeFiles/H750VBT6.dir/Core/Src/system_stm32h7xx.c.obj
LOAD CMakeFiles/H750VBT6.dir/Core/Src/sysmem.c.obj
LOAD CMakeFiles/H750VBT6.dir/Core/Src/syscalls.c.obj
LOAD CMakeFiles/H750VBT6.dir/startup_stm32h750xx.s.obj
START GROUP
LOAD C:/Tools/ARMGNU~1/14EFD8~1.2RE/bin/../lib/gcc/arm-none-eabi/14.2.1/thumb/v7e-m+dp/hard\libgcc.a
LOAD C:/Tools/ARMGNU~1/14EFD8~1.2RE/bin/../lib/gcc/arm-none-eabi/14.2.1/thumb/v7e-m+dp/hard\libg_nano.a
LOAD C:/Tools/ARMGNU~1/14EFD8~1.2RE/bin/../lib/gcc/arm-none-eabi/14.2.1/thumb/v7e-m+dp/hard\libc_nano.a
END GROUP
START GROUP
LOAD C:/Tools/ARMGNU~1/14EFD8~1.2RE/bin/../lib/gcc/arm-none-eabi/14.2.1/thumb/v7e-m+dp/hard\libgcc.a
LOAD C:/Tools/ARMGNU~1/14EFD8~1.2RE/bin/../lib/gcc/arm-none-eabi/14.2.1/thumb/v7e-m+dp/hard\libc_nano.a
END GROUP
LOAD C:/Tools/ARMGNU~1/14EFD8~1.2RE/bin/../lib/gcc/arm-none-eabi/14.2.1/thumb/v7e-m+dp/hard/crtend.o
LOAD C:/Tools/ARMGNU~1/14EFD8~1.2RE/bin/../lib/gcc/arm-none-eabi/14.2.1/thumb/v7e-m+dp/hard/crtn.o
                0x20020000                        _estack = (ORIGIN (DTCMRAM) + LENGTH (DTCMRAM))
                0x00000200                        _Min_Heap_Size = 0x200
                0x00000400                        _Min_Stack_Size = 0x400

.isr_vector     0x08000000      0x298
                0x08000000                        . = ALIGN (0x4)
 *(.isr_vector)
 .isr_vector    0x08000000      0x298 CMakeFiles/H750VBT6.dir/startup_stm32h750xx.s.obj
                0x08000000                g_pfnVectors
                0x08000298                        . = ALIGN (0x4)

.text           0x080002a0     0x9744
                0x080002a0                        . = ALIGN (0x4)
 *(.text)
 .text          0x080002a0       0xa0 C:/Tools/ARMGNU~1/14EFD8~1.2RE/bin/../lib/gcc/arm-none-eabi/14.2.1/thumb/v7e-m+dp/hard\libc_nano.a(libc_a-memchr.o)
                0x080002a0                memchr
 .text          0x08000340       0x10 C:/Tools/ARMGNU~1/14EFD8~1.2RE/bin/../lib/gcc/arm-none-eabi/14.2.1/thumb/v7e-m+dp/hard\libc_nano.a(libc_a-strlen.o)
                0x08000340                strlen
 .text          0x08000350       0x30 C:/Tools/ARMGNU~1/14EFD8~1.2RE/bin/../lib/gcc/arm-none-eabi/14.2.1/thumb/v7e-m+dp/hard\libgcc.a(_aeabi_uldivmod.o)
                0x08000350                __aeabi_uldivmod
 .text          0x08000380        0x4 C:/Tools/ARMGNU~1/14EFD8~1.2RE/bin/../lib/gcc/arm-none-eabi/14.2.1/thumb/v7e-m+dp/hard\libgcc.a(_dvmd_tls.o)
                0x08000380                __aeabi_idiv0
                0x08000380                __aeabi_ldiv0
 *(.text*)
 .text.deregister_tm_clones
                0x08000384       0x1c C:/Tools/ARMGNU~1/14EFD8~1.2RE/bin/../lib/gcc/arm-none-eabi/14.2.1/thumb/v7e-m+dp/hard/crtbegin.o
 .text.register_tm_clones
                0x080003a0       0x24 C:/Tools/ARMGNU~1/14EFD8~1.2RE/bin/../lib/gcc/arm-none-eabi/14.2.1/thumb/v7e-m+dp/hard/crtbegin.o
 .text.__do_global_dtors_aux
                0x080003c4       0x28 C:/Tools/ARMGNU~1/14EFD8~1.2RE/bin/../lib/gcc/arm-none-eabi/14.2.1/thumb/v7e-m+dp/hard/crtbegin.o
 .text.frame_dummy
                0x080003ec       0x24 C:/Tools/ARMGNU~1/14EFD8~1.2RE/bin/../lib/gcc/arm-none-eabi/14.2.1/thumb/v7e-m+dp/hard/crtbegin.o
 .text.__cvt    0x08000410       0xa8 C:/Tools/ARMGNU~1/14EFD8~1.2RE/bin/../lib/gcc/arm-none-eabi/14.2.1/thumb/v7e-m+dp/hard\libc_nano.a(libc_a-nano-vfprintf_float.o)
                0x08000410                __cvt
 .text.__exponent
                0x080004b8       0x74 C:/Tools/ARMGNU~1/14EFD8~1.2RE/bin/../lib/gcc/arm-none-eabi/14.2.1/thumb/v7e-m+dp/hard\libc_nano.a(libc_a-nano-vfprintf_float.o)
                0x080004b8                __exponent
 *fill*         0x0800052c        0x4 
 .text._printf_float
                0x08000530      0x434 C:/Tools/ARMGNU~1/14EFD8~1.2RE/bin/../lib/gcc/arm-none-eabi/14.2.1/thumb/v7e-m+dp/hard\libc_nano.a(libc_a-nano-vfprintf_float.o)
                0x08000530                _printf_float
 .text._printf_common
                0x08000964       0xda C:/Tools/ARMGNU~1/14EFD8~1.2RE/bin/../lib/gcc/arm-none-eabi/14.2.1/thumb/v7e-m+dp/hard\libc_nano.a(libc_a-nano-vfprintf_i.o)
                0x08000964                _printf_common
 *fill*         0x08000a3e        0x2 
 .text._printf_i
                0x08000a40      0x240 C:/Tools/ARMGNU~1/14EFD8~1.2RE/bin/../lib/gcc/arm-none-eabi/14.2.1/thumb/v7e-m+dp/hard\libc_nano.a(libc_a-nano-vfprintf_i.o)
                0x08000a40                _printf_i
 .text.std      0x08000c80       0x6c C:/Tools/ARMGNU~1/14EFD8~1.2RE/bin/../lib/gcc/arm-none-eabi/14.2.1/thumb/v7e-m+dp/hard\libc_nano.a(libc_a-findfp.o)
 .text.stdio_exit_handler
                0x08000cec       0x18 C:/Tools/ARMGNU~1/14EFD8~1.2RE/bin/../lib/gcc/arm-none-eabi/14.2.1/thumb/v7e-m+dp/hard\libc_nano.a(libc_a-findfp.o)
 .text.cleanup_stdio
                0x08000d04       0x40 C:/Tools/ARMGNU~1/14EFD8~1.2RE/bin/../lib/gcc/arm-none-eabi/14.2.1/thumb/v7e-m+dp/hard\libc_nano.a(libc_a-findfp.o)
 .text.global_stdio_init.part.0
                0x08000d44       0x40 C:/Tools/ARMGNU~1/14EFD8~1.2RE/bin/../lib/gcc/arm-none-eabi/14.2.1/thumb/v7e-m+dp/hard\libc_nano.a(libc_a-findfp.o)
 .text.__sfp_lock_acquire
                0x08000d84        0xc C:/Tools/ARMGNU~1/14EFD8~1.2RE/bin/../lib/gcc/arm-none-eabi/14.2.1/thumb/v7e-m+dp/hard\libc_nano.a(libc_a-findfp.o)
                0x08000d84                __sfp_lock_acquire
 .text.__sfp_lock_release
                0x08000d90        0xc C:/Tools/ARMGNU~1/14EFD8~1.2RE/bin/../lib/gcc/arm-none-eabi/14.2.1/thumb/v7e-m+dp/hard\libc_nano.a(libc_a-findfp.o)
                0x08000d90                __sfp_lock_release
 .text.__sinit  0x08000d9c       0x30 C:/Tools/ARMGNU~1/14EFD8~1.2RE/bin/../lib/gcc/arm-none-eabi/14.2.1/thumb/v7e-m+dp/hard\libc_nano.a(libc_a-findfp.o)
                0x08000d9c                __sinit
 .text._fwalk_sglue
                0x08000dcc       0x3c C:/Tools/ARMGNU~1/14EFD8~1.2RE/bin/../lib/gcc/arm-none-eabi/14.2.1/thumb/v7e-m+dp/hard\libc_nano.a(libc_a-fwalk.o)
                0x08000dcc                _fwalk_sglue
 .text.__sread  0x08000e08       0x22 C:/Tools/ARMGNU~1/14EFD8~1.2RE/bin/../lib/gcc/arm-none-eabi/14.2.1/thumb/v7e-m+dp/hard\libc_nano.a(libc_a-stdio.o)
                0x08000e08                __sread
 .text.__swrite
                0x08000e2a       0x38 C:/Tools/ARMGNU~1/14EFD8~1.2RE/bin/../lib/gcc/arm-none-eabi/14.2.1/thumb/v7e-m+dp/hard\libc_nano.a(libc_a-stdio.o)
                0x08000e2a                __swrite
 .text.__sseek  0x08000e62       0x26 C:/Tools/ARMGNU~1/14EFD8~1.2RE/bin/../lib/gcc/arm-none-eabi/14.2.1/thumb/v7e-m+dp/hard\libc_nano.a(libc_a-stdio.o)
                0x08000e62                __sseek
 .text.__sclose
                0x08000e88        0x8 C:/Tools/ARMGNU~1/14EFD8~1.2RE/bin/../lib/gcc/arm-none-eabi/14.2.1/thumb/v7e-m+dp/hard\libc_nano.a(libc_a-stdio.o)
                0x08000e88                __sclose
 .text.memset   0x08000e90       0x10 C:/Tools/ARMGNU~1/14EFD8~1.2RE/bin/../lib/gcc/arm-none-eabi/14.2.1/thumb/v7e-m+dp/hard\libc_nano.a(libc_a-memset.o)
                0x08000e90                memset
 .text._localeconv_r
                0x08000ea0        0x8 C:/Tools/ARMGNU~1/14EFD8~1.2RE/bin/../lib/gcc/arm-none-eabi/14.2.1/thumb/v7e-m+dp/hard\libc_nano.a(libc_a-localeconv.o)
                0x08000ea0                _localeconv_r
 .text._close_r
                0x08000ea8       0x20 C:/Tools/ARMGNU~1/14EFD8~1.2RE/bin/../lib/gcc/arm-none-eabi/14.2.1/thumb/v7e-m+dp/hard\libc_nano.a(libc_a-closer.o)
                0x08000ea8                _close_r
 .text._lseek_r
                0x08000ec8       0x24 C:/Tools/ARMGNU~1/14EFD8~1.2RE/bin/../lib/gcc/arm-none-eabi/14.2.1/thumb/v7e-m+dp/hard\libc_nano.a(libc_a-lseekr.o)
                0x08000ec8                _lseek_r
 .text._read_r  0x08000eec       0x24 C:/Tools/ARMGNU~1/14EFD8~1.2RE/bin/../lib/gcc/arm-none-eabi/14.2.1/thumb/v7e-m+dp/hard\libc_nano.a(libc_a-readr.o)
                0x08000eec                _read_r
 .text._write_r
                0x08000f10       0x24 C:/Tools/ARMGNU~1/14EFD8~1.2RE/bin/../lib/gcc/arm-none-eabi/14.2.1/thumb/v7e-m+dp/hard\libc_nano.a(libc_a-writer.o)
                0x08000f10                _write_r
 .text.__libc_init_array
                0x08000f34       0x48 C:/Tools/ARMGNU~1/14EFD8~1.2RE/bin/../lib/gcc/arm-none-eabi/14.2.1/thumb/v7e-m+dp/hard\libc_nano.a(libc_a-init.o)
                0x08000f34                __libc_init_array
 .text.__retarget_lock_init_recursive
                0x08000f7c        0x2 C:/Tools/ARMGNU~1/14EFD8~1.2RE/bin/../lib/gcc/arm-none-eabi/14.2.1/thumb/v7e-m+dp/hard\libc_nano.a(libc_a-lock.o)
                0x08000f7c                __retarget_lock_init_recursive
 .text.__retarget_lock_acquire_recursive
                0x08000f7e        0x2 C:/Tools/ARMGNU~1/14EFD8~1.2RE/bin/../lib/gcc/arm-none-eabi/14.2.1/thumb/v7e-m+dp/hard\libc_nano.a(libc_a-lock.o)
                0x08000f7e                __retarget_lock_acquire_recursive
 .text.__retarget_lock_release_recursive
                0x08000f80        0x2 C:/Tools/ARMGNU~1/14EFD8~1.2RE/bin/../lib/gcc/arm-none-eabi/14.2.1/thumb/v7e-m+dp/hard\libc_nano.a(libc_a-lock.o)
                0x08000f80                __retarget_lock_release_recursive
 .text.quorem   0x08000f82      0x110 C:/Tools/ARMGNU~1/14EFD8~1.2RE/bin/../lib/gcc/arm-none-eabi/14.2.1/thumb/v7e-m+dp/hard\libc_nano.a(libc_a-dtoa.o)
 *fill*         0x08001092        0x6 
 .text._dtoa_r  0x08001098      0xa9c C:/Tools/ARMGNU~1/14EFD8~1.2RE/bin/../lib/gcc/arm-none-eabi/14.2.1/thumb/v7e-m+dp/hard\libc_nano.a(libc_a-dtoa.o)
                0x08001098                _dtoa_r
 .text._free_r  0x08001b34       0x94 C:/Tools/ARMGNU~1/14EFD8~1.2RE/bin/../lib/gcc/arm-none-eabi/14.2.1/thumb/v7e-m+dp/hard\libc_nano.a(libc_a-freer.o)
                0x08001b34                _free_r
 .text.malloc   0x08001bc8       0x10 C:/Tools/ARMGNU~1/14EFD8~1.2RE/bin/../lib/gcc/arm-none-eabi/14.2.1/thumb/v7e-m+dp/hard\libc_nano.a(libc_a-malloc.o)
                0x08001bc8                malloc
 .text.sbrk_aligned
                0x08001bd8       0x44 C:/Tools/ARMGNU~1/14EFD8~1.2RE/bin/../lib/gcc/arm-none-eabi/14.2.1/thumb/v7e-m+dp/hard\libc_nano.a(libc_a-mallocr.o)
 .text._malloc_r
                0x08001c1c      0x100 C:/Tools/ARMGNU~1/14EFD8~1.2RE/bin/../lib/gcc/arm-none-eabi/14.2.1/thumb/v7e-m+dp/hard\libc_nano.a(libc_a-mallocr.o)
                0x08001c1c                _malloc_r
 .text.__malloc_lock
                0x08001d1c        0xc C:/Tools/ARMGNU~1/14EFD8~1.2RE/bin/../lib/gcc/arm-none-eabi/14.2.1/thumb/v7e-m+dp/hard\libc_nano.a(libc_a-mlock.o)
                0x08001d1c                __malloc_lock
 .text.__malloc_unlock
                0x08001d28        0xc C:/Tools/ARMGNU~1/14EFD8~1.2RE/bin/../lib/gcc/arm-none-eabi/14.2.1/thumb/v7e-m+dp/hard\libc_nano.a(libc_a-mlock.o)
                0x08001d28                __malloc_unlock
 .text._Balloc  0x08001d34       0x7c C:/Tools/ARMGNU~1/14EFD8~1.2RE/bin/../lib/gcc/arm-none-eabi/14.2.1/thumb/v7e-m+dp/hard\libc_nano.a(libc_a-mprec.o)
                0x08001d34                _Balloc
 .text._Bfree   0x08001db0       0x44 C:/Tools/ARMGNU~1/14EFD8~1.2RE/bin/../lib/gcc/arm-none-eabi/14.2.1/thumb/v7e-m+dp/hard\libc_nano.a(libc_a-mprec.o)
                0x08001db0                _Bfree
 .text.__multadd
                0x08001df4       0x8c C:/Tools/ARMGNU~1/14EFD8~1.2RE/bin/../lib/gcc/arm-none-eabi/14.2.1/thumb/v7e-m+dp/hard\libc_nano.a(libc_a-mprec.o)
                0x08001df4                __multadd
 .text.__hi0bits
                0x08001e80       0x3e C:/Tools/ARMGNU~1/14EFD8~1.2RE/bin/../lib/gcc/arm-none-eabi/14.2.1/thumb/v7e-m+dp/hard\libc_nano.a(libc_a-mprec.o)
                0x08001e80                __hi0bits
 .text.__lo0bits
                0x08001ebe       0x5a C:/Tools/ARMGNU~1/14EFD8~1.2RE/bin/../lib/gcc/arm-none-eabi/14.2.1/thumb/v7e-m+dp/hard\libc_nano.a(libc_a-mprec.o)
                0x08001ebe                __lo0bits
 .text.__i2b    0x08001f18       0x2c C:/Tools/ARMGNU~1/14EFD8~1.2RE/bin/../lib/gcc/arm-none-eabi/14.2.1/thumb/v7e-m+dp/hard\libc_nano.a(libc_a-mprec.o)
                0x08001f18                __i2b
 .text.__multiply
                0x08001f44      0x154 C:/Tools/ARMGNU~1/14EFD8~1.2RE/bin/../lib/gcc/arm-none-eabi/14.2.1/thumb/v7e-m+dp/hard\libc_nano.a(libc_a-mprec.o)
                0x08001f44                __multiply
 .text.__pow5mult
                0x08002098       0xb8 C:/Tools/ARMGNU~1/14EFD8~1.2RE/bin/../lib/gcc/arm-none-eabi/14.2.1/thumb/v7e-m+dp/hard\libc_nano.a(libc_a-mprec.o)
                0x08002098                __pow5mult
 .text.__lshift
                0x08002150       0xdc C:/Tools/ARMGNU~1/14EFD8~1.2RE/bin/../lib/gcc/arm-none-eabi/14.2.1/thumb/v7e-m+dp/hard\libc_nano.a(libc_a-mprec.o)
                0x08002150                __lshift
 .text.__mcmp   0x0800222c       0x36 C:/Tools/ARMGNU~1/14EFD8~1.2RE/bin/../lib/gcc/arm-none-eabi/14.2.1/thumb/v7e-m+dp/hard\libc_nano.a(libc_a-mprec.o)
                0x0800222c                __mcmp
 *fill*         0x08002262        0x2 
 .text.__mdiff  0x08002264      0x130 C:/Tools/ARMGNU~1/14EFD8~1.2RE/bin/../lib/gcc/arm-none-eabi/14.2.1/thumb/v7e-m+dp/hard\libc_nano.a(libc_a-mprec.o)
                0x08002264                __mdiff
 .text.__d2b    0x08002394       0xb0 C:/Tools/ARMGNU~1/14EFD8~1.2RE/bin/../lib/gcc/arm-none-eabi/14.2.1/thumb/v7e-m+dp/hard\libc_nano.a(libc_a-mprec.o)
                0x08002394                __d2b
 .text.__sflush_r
                0x08002444      0x104 C:/Tools/ARMGNU~1/14EFD8~1.2RE/bin/../lib/gcc/arm-none-eabi/14.2.1/thumb/v7e-m+dp/hard\libc_nano.a(libc_a-fflush.o)
                0x08002444                __sflush_r
 .text._fflush_r
                0x08002548       0x50 C:/Tools/ARMGNU~1/14EFD8~1.2RE/bin/../lib/gcc/arm-none-eabi/14.2.1/thumb/v7e-m+dp/hard\libc_nano.a(libc_a-fflush.o)
                0x08002548                _fflush_r
 .text._sbrk_r  0x08002598       0x20 C:/Tools/ARMGNU~1/14EFD8~1.2RE/bin/../lib/gcc/arm-none-eabi/14.2.1/thumb/v7e-m+dp/hard\libc_nano.a(libc_a-sbrkr.o)
                0x08002598                _sbrk_r
 .text.memcpy   0x080025b8       0x1c C:/Tools/ARMGNU~1/14EFD8~1.2RE/bin/../lib/gcc/arm-none-eabi/14.2.1/thumb/v7e-m+dp/hard\libc_nano.a(libc_a-memcpy-stub.o)
                0x080025b8                memcpy
 .text.__assert_func
                0x080025d4       0x3c C:/Tools/ARMGNU~1/14EFD8~1.2RE/bin/../lib/gcc/arm-none-eabi/14.2.1/thumb/v7e-m+dp/hard\libc_nano.a(libc_a-assert.o)
                0x080025d4                __assert_func
 .text._calloc_r
                0x08002610       0x28 C:/Tools/ARMGNU~1/14EFD8~1.2RE/bin/../lib/gcc/arm-none-eabi/14.2.1/thumb/v7e-m+dp/hard\libc_nano.a(libc_a-callocr.o)
                0x08002610                _calloc_r
 .text.__ascii_mbtowc
                0x08002638       0x24 C:/Tools/ARMGNU~1/14EFD8~1.2RE/bin/../lib/gcc/arm-none-eabi/14.2.1/thumb/v7e-m+dp/hard\libc_nano.a(libc_a-mbtowc_r.o)
                0x08002638                __ascii_mbtowc
 .text.__ascii_wctomb
                0x0800265c       0x1a C:/Tools/ARMGNU~1/14EFD8~1.2RE/bin/../lib/gcc/arm-none-eabi/14.2.1/thumb/v7e-m+dp/hard\libc_nano.a(libc_a-wctomb_r.o)
                0x0800265c                __ascii_wctomb
 *fill*         0x08002676        0x2 
 .text.fprintf  0x08002678       0x24 C:/Tools/ARMGNU~1/14EFD8~1.2RE/bin/../lib/gcc/arm-none-eabi/14.2.1/thumb/v7e-m+dp/hard\libc_nano.a(libc_a-fprintf.o)
                0x08002678                fiprintf
                0x08002678                fprintf
 .text.abort    0x0800269c        0xe C:/Tools/ARMGNU~1/14EFD8~1.2RE/bin/../lib/gcc/arm-none-eabi/14.2.1/thumb/v7e-m+dp/hard\libc_nano.a(libc_a-abort.o)
                0x0800269c                abort
 .text.__sfputc_r
                0x080026aa       0x2e C:/Tools/ARMGNU~1/14EFD8~1.2RE/bin/../lib/gcc/arm-none-eabi/14.2.1/thumb/v7e-m+dp/hard\libc_nano.a(libc_a-nano-vfprintf.o)
 .text.__sfputs_r
                0x080026d8       0x24 C:/Tools/ARMGNU~1/14EFD8~1.2RE/bin/../lib/gcc/arm-none-eabi/14.2.1/thumb/v7e-m+dp/hard\libc_nano.a(libc_a-nano-vfprintf.o)
                0x080026d8                __sfputs_r
 .text._vfprintf_r
                0x080026fc      0x230 C:/Tools/ARMGNU~1/14EFD8~1.2RE/bin/../lib/gcc/arm-none-eabi/14.2.1/thumb/v7e-m+dp/hard\libc_nano.a(libc_a-nano-vfprintf.o)
                0x080026fc                _vfprintf_r
                0x080026fc                _vfiprintf_r
 .text.__swbuf_r
                0x0800292c       0x7c C:/Tools/ARMGNU~1/14EFD8~1.2RE/bin/../lib/gcc/arm-none-eabi/14.2.1/thumb/v7e-m+dp/hard\libc_nano.a(libc_a-wbuf.o)
                0x0800292c                __swbuf_r
 .text.__swsetup_r
                0x080029a8       0xa8 C:/Tools/ARMGNU~1/14EFD8~1.2RE/bin/../lib/gcc/arm-none-eabi/14.2.1/thumb/v7e-m+dp/hard\libc_nano.a(libc_a-wsetup.o)
                0x080029a8                __swsetup_r
 .text._raise_r
                0x08002a50       0x50 C:/Tools/ARMGNU~1/14EFD8~1.2RE/bin/../lib/gcc/arm-none-eabi/14.2.1/thumb/v7e-m+dp/hard\libc_nano.a(libc_a-signal.o)
                0x08002a50                _raise_r
 .text.raise    0x08002aa0       0x10 C:/Tools/ARMGNU~1/14EFD8~1.2RE/bin/../lib/gcc/arm-none-eabi/14.2.1/thumb/v7e-m+dp/hard\libc_nano.a(libc_a-signal.o)
                0x08002aa0                raise
 .text._kill_r  0x08002ab0       0x24 C:/Tools/ARMGNU~1/14EFD8~1.2RE/bin/../lib/gcc/arm-none-eabi/14.2.1/thumb/v7e-m+dp/hard\libc_nano.a(libc_a-signalr.o)
                0x08002ab0                _kill_r
 .text._getpid_r
                0x08002ad4        0x4 C:/Tools/ARMGNU~1/14EFD8~1.2RE/bin/../lib/gcc/arm-none-eabi/14.2.1/thumb/v7e-m+dp/hard\libc_nano.a(libc_a-signalr.o)
                0x08002ad4                _getpid_r
 .text.__swhatbuf_r
                0x08002ad8       0x48 C:/Tools/ARMGNU~1/14EFD8~1.2RE/bin/../lib/gcc/arm-none-eabi/14.2.1/thumb/v7e-m+dp/hard\libc_nano.a(libc_a-makebuf.o)
                0x08002ad8                __swhatbuf_r
 .text.__smakebuf_r
                0x08002b20       0x72 C:/Tools/ARMGNU~1/14EFD8~1.2RE/bin/../lib/gcc/arm-none-eabi/14.2.1/thumb/v7e-m+dp/hard\libc_nano.a(libc_a-makebuf.o)
                0x08002b20                __smakebuf_r
 *fill*         0x08002b92        0x2 
 .text._fstat_r
                0x08002b94       0x24 C:/Tools/ARMGNU~1/14EFD8~1.2RE/bin/../lib/gcc/arm-none-eabi/14.2.1/thumb/v7e-m+dp/hard\libc_nano.a(libc_a-fstatr.o)
                0x08002b94                _fstat_r
 .text._isatty_r
                0x08002bb8       0x20 C:/Tools/ARMGNU~1/14EFD8~1.2RE/bin/../lib/gcc/arm-none-eabi/14.2.1/thumb/v7e-m+dp/hard\libc_nano.a(libc_a-isattyr.o)
                0x08002bb8                _isatty_r
 .text.__io_putchar
                0x08002bd8       0x24 CMakeFiles/H750VBT6.dir/Core/Src/main.c.obj
                0x08002bd8                __io_putchar
 .text.main     0x08002bfc       0x28 CMakeFiles/H750VBT6.dir/Core/Src/main.c.obj
                0x08002bfc                main
 .text.SystemClock_Config
                0x08002c24       0xf8 CMakeFiles/H750VBT6.dir/Core/Src/main.c.obj
                0x08002c24                SystemClock_Config
 .text.MPU_Config
                0x08002d1c       0x58 CMakeFiles/H750VBT6.dir/Core/Src/main.c.obj
 .text.Error_Handler
                0x08002d74        0xc CMakeFiles/H750VBT6.dir/Core/Src/main.c.obj
                0x08002d74                Error_Handler
 .text.MX_GPIO_Init
                0x08002d80       0xc8 CMakeFiles/H750VBT6.dir/Core/Src/gpio.c.obj
                0x08002d80                MX_GPIO_Init
 .text.MX_SPI1_Init
                0x08002e48       0xa0 CMakeFiles/H750VBT6.dir/Core/Src/spi.c.obj
                0x08002e48                MX_SPI1_Init
 .text.MX_SPI4_Init
                0x08002ee8       0xac CMakeFiles/H750VBT6.dir/Core/Src/spi.c.obj
                0x08002ee8                MX_SPI4_Init
 .text.HAL_SPI_MspInit
                0x08002f94      0x180 CMakeFiles/H750VBT6.dir/Core/Src/spi.c.obj
                0x08002f94                HAL_SPI_MspInit
 .text.MX_TIM1_Init
                0x08003114      0x120 CMakeFiles/H750VBT6.dir/Core/Src/tim.c.obj
                0x08003114                MX_TIM1_Init
 .text.HAL_TIM_OC_MspInit
                0x08003234       0x44 CMakeFiles/H750VBT6.dir/Core/Src/tim.c.obj
                0x08003234                HAL_TIM_OC_MspInit
 .text.HAL_TIM_MspPostInit
                0x08003278       0x78 CMakeFiles/H750VBT6.dir/Core/Src/tim.c.obj
                0x08003278                HAL_TIM_MspPostInit
 .text.MX_USART1_UART_Init
                0x080032f0       0x98 CMakeFiles/H750VBT6.dir/Core/Src/usart.c.obj
                0x080032f0                MX_USART1_UART_Init
 .text.HAL_UART_MspInit
                0x08003388       0xd4 CMakeFiles/H750VBT6.dir/Core/Src/usart.c.obj
                0x08003388                HAL_UART_MspInit
 .text.NMI_Handler
                0x0800345c        0x8 CMakeFiles/H750VBT6.dir/Core/Src/stm32h7xx_it.c.obj
                0x0800345c                NMI_Handler
 .text.HardFault_Handler
                0x08003464        0x8 CMakeFiles/H750VBT6.dir/Core/Src/stm32h7xx_it.c.obj
                0x08003464                HardFault_Handler
 .text.MemManage_Handler
                0x0800346c        0x8 CMakeFiles/H750VBT6.dir/Core/Src/stm32h7xx_it.c.obj
                0x0800346c                MemManage_Handler
 .text.BusFault_Handler
                0x08003474        0x8 CMakeFiles/H750VBT6.dir/Core/Src/stm32h7xx_it.c.obj
                0x08003474                BusFault_Handler
 .text.UsageFault_Handler
                0x0800347c        0x8 CMakeFiles/H750VBT6.dir/Core/Src/stm32h7xx_it.c.obj
                0x0800347c                UsageFault_Handler
 .text.SVC_Handler
                0x08003484        0xe CMakeFiles/H750VBT6.dir/Core/Src/stm32h7xx_it.c.obj
                0x08003484                SVC_Handler
 .text.DebugMon_Handler
                0x08003492        0xe CMakeFiles/H750VBT6.dir/Core/Src/stm32h7xx_it.c.obj
                0x08003492                DebugMon_Handler
 .text.PendSV_Handler
                0x080034a0        0xe CMakeFiles/H750VBT6.dir/Core/Src/stm32h7xx_it.c.obj
                0x080034a0                PendSV_Handler
 .text.SysTick_Handler
                0x080034ae        0xc CMakeFiles/H750VBT6.dir/Core/Src/stm32h7xx_it.c.obj
                0x080034ae                SysTick_Handler
 *fill*         0x080034ba        0x2 
 .text.SPI1_IRQHandler
                0x080034bc       0x14 CMakeFiles/H750VBT6.dir/Core/Src/stm32h7xx_it.c.obj
                0x080034bc                SPI1_IRQHandler
 .text.HAL_MspInit
                0x080034d0       0x34 CMakeFiles/H750VBT6.dir/Core/Src/stm32h7xx_hal_msp.c.obj
                0x080034d0                HAL_MspInit
 .text.__NVIC_SetPriorityGrouping
                0x08003504       0x48 CMakeFiles/H750VBT6.dir/Drivers/STM32H7xx_HAL_Driver/Src/stm32h7xx_hal_cortex.c.obj
 .text.__NVIC_GetPriorityGrouping
                0x0800354c       0x1c CMakeFiles/H750VBT6.dir/Drivers/STM32H7xx_HAL_Driver/Src/stm32h7xx_hal_cortex.c.obj
 .text.__NVIC_EnableIRQ
                0x08003568       0x3c CMakeFiles/H750VBT6.dir/Drivers/STM32H7xx_HAL_Driver/Src/stm32h7xx_hal_cortex.c.obj
 .text.__NVIC_SetPriority
                0x080035a4       0x54 CMakeFiles/H750VBT6.dir/Drivers/STM32H7xx_HAL_Driver/Src/stm32h7xx_hal_cortex.c.obj
 .text.NVIC_EncodePriority
                0x080035f8       0x66 CMakeFiles/H750VBT6.dir/Drivers/STM32H7xx_HAL_Driver/Src/stm32h7xx_hal_cortex.c.obj
 *fill*         0x0800365e        0x2 
 .text.SysTick_Config
                0x08003660       0x44 CMakeFiles/H750VBT6.dir/Drivers/STM32H7xx_HAL_Driver/Src/stm32h7xx_hal_cortex.c.obj
 .text.HAL_NVIC_SetPriorityGrouping
                0x080036a4       0x16 CMakeFiles/H750VBT6.dir/Drivers/STM32H7xx_HAL_Driver/Src/stm32h7xx_hal_cortex.c.obj
                0x080036a4                HAL_NVIC_SetPriorityGrouping
 .text.HAL_NVIC_SetPriority
                0x080036ba       0x34 CMakeFiles/H750VBT6.dir/Drivers/STM32H7xx_HAL_Driver/Src/stm32h7xx_hal_cortex.c.obj
                0x080036ba                HAL_NVIC_SetPriority
 .text.HAL_NVIC_EnableIRQ
                0x080036ee       0x1c CMakeFiles/H750VBT6.dir/Drivers/STM32H7xx_HAL_Driver/Src/stm32h7xx_hal_cortex.c.obj
                0x080036ee                HAL_NVIC_EnableIRQ
 .text.HAL_SYSTICK_Config
                0x0800370a       0x18 CMakeFiles/H750VBT6.dir/Drivers/STM32H7xx_HAL_Driver/Src/stm32h7xx_hal_cortex.c.obj
                0x0800370a                HAL_SYSTICK_Config
 *fill*         0x08003722        0x2 
 .text.HAL_MPU_Disable
                0x08003724       0x30 CMakeFiles/H750VBT6.dir/Drivers/STM32H7xx_HAL_Driver/Src/stm32h7xx_hal_cortex.c.obj
                0x08003724                HAL_MPU_Disable
 .text.HAL_MPU_Enable
                0x08003754       0x40 CMakeFiles/H750VBT6.dir/Drivers/STM32H7xx_HAL_Driver/Src/stm32h7xx_hal_cortex.c.obj
                0x08003754                HAL_MPU_Enable
 .text.HAL_MPU_ConfigRegion
                0x08003794       0x80 CMakeFiles/H750VBT6.dir/Drivers/STM32H7xx_HAL_Driver/Src/stm32h7xx_hal_cortex.c.obj
                0x08003794                HAL_MPU_ConfigRegion
 .text.HAL_RCC_OscConfig
                0x08003814      0x8b4 CMakeFiles/H750VBT6.dir/Drivers/STM32H7xx_HAL_Driver/Src/stm32h7xx_hal_rcc.c.obj
                0x08003814                HAL_RCC_OscConfig
 .text.HAL_RCC_ClockConfig
                0x080040c8      0x36c CMakeFiles/H750VBT6.dir/Drivers/STM32H7xx_HAL_Driver/Src/stm32h7xx_hal_rcc.c.obj
                0x080040c8                HAL_RCC_ClockConfig
 .text.HAL_RCC_GetSysClockFreq
                0x08004434      0x2f4 CMakeFiles/H750VBT6.dir/Drivers/STM32H7xx_HAL_Driver/Src/stm32h7xx_hal_rcc.c.obj
                0x08004434                HAL_RCC_GetSysClockFreq
 .text.HAL_RCC_GetHCLKFreq
                0x08004728       0x60 CMakeFiles/H750VBT6.dir/Drivers/STM32H7xx_HAL_Driver/Src/stm32h7xx_hal_rcc.c.obj
                0x08004728                HAL_RCC_GetHCLKFreq
 .text.HAL_RCC_GetPCLK1Freq
                0x08004788       0x2c CMakeFiles/H750VBT6.dir/Drivers/STM32H7xx_HAL_Driver/Src/stm32h7xx_hal_rcc.c.obj
                0x08004788                HAL_RCC_GetPCLK1Freq
 .text.HAL_RCC_GetPCLK2Freq
                0x080047b4       0x2c CMakeFiles/H750VBT6.dir/Drivers/STM32H7xx_HAL_Driver/Src/stm32h7xx_hal_rcc.c.obj
                0x080047b4                HAL_RCC_GetPCLK2Freq
 .text.HAL_RCCEx_PeriphCLKConfig
                0x080047e0     0x1414 CMakeFiles/H750VBT6.dir/Drivers/STM32H7xx_HAL_Driver/Src/stm32h7xx_hal_rcc_ex.c.obj
                0x080047e0                HAL_RCCEx_PeriphCLKConfig
 .text.HAL_RCCEx_GetD3PCLK1Freq
                0x08005bf4       0x2c CMakeFiles/H750VBT6.dir/Drivers/STM32H7xx_HAL_Driver/Src/stm32h7xx_hal_rcc_ex.c.obj
                0x08005bf4                HAL_RCCEx_GetD3PCLK1Freq
 .text.HAL_RCCEx_GetPLL2ClockFreq
                0x08005c20      0x2a8 CMakeFiles/H750VBT6.dir/Drivers/STM32H7xx_HAL_Driver/Src/stm32h7xx_hal_rcc_ex.c.obj
                0x08005c20                HAL_RCCEx_GetPLL2ClockFreq
 .text.HAL_RCCEx_GetPLL3ClockFreq
                0x08005ec8      0x2a8 CMakeFiles/H750VBT6.dir/Drivers/STM32H7xx_HAL_Driver/Src/stm32h7xx_hal_rcc_ex.c.obj
                0x08005ec8                HAL_RCCEx_GetPLL3ClockFreq
 .text.RCCEx_PLL2_Config
                0x08006170      0x164 CMakeFiles/H750VBT6.dir/Drivers/STM32H7xx_HAL_Driver/Src/stm32h7xx_hal_rcc_ex.c.obj
 .text.RCCEx_PLL3_Config
                0x080062d4      0x164 CMakeFiles/H750VBT6.dir/Drivers/STM32H7xx_HAL_Driver/Src/stm32h7xx_hal_rcc_ex.c.obj
 .text.HAL_GPIO_Init
                0x08006438      0x360 CMakeFiles/H750VBT6.dir/Drivers/STM32H7xx_HAL_Driver/Src/stm32h7xx_hal_gpio.c.obj
                0x08006438                HAL_GPIO_Init
 .text.HAL_GPIO_WritePin
                0x08006798       0x32 CMakeFiles/H750VBT6.dir/Drivers/STM32H7xx_HAL_Driver/Src/stm32h7xx_hal_gpio.c.obj
                0x08006798                HAL_GPIO_WritePin
 *fill*         0x080067ca        0x2 
 .text.HAL_DMA_Abort_IT
                0x080067cc      0x48c CMakeFiles/H750VBT6.dir/Drivers/STM32H7xx_HAL_Driver/Src/stm32h7xx_hal_dma.c.obj
                0x080067cc                HAL_DMA_Abort_IT
 .text.HAL_PWREx_ConfigSupply
                0x08006c58       0x74 CMakeFiles/H750VBT6.dir/Drivers/STM32H7xx_HAL_Driver/Src/stm32h7xx_hal_pwr_ex.c.obj
                0x08006c58                HAL_PWREx_ConfigSupply
 .text.HAL_Init
                0x08006ccc       0x78 CMakeFiles/H750VBT6.dir/Drivers/STM32H7xx_HAL_Driver/Src/stm32h7xx_hal.c.obj
                0x08006ccc                HAL_Init
 .text.HAL_InitTick
                0x08006d44       0x6c CMakeFiles/H750VBT6.dir/Drivers/STM32H7xx_HAL_Driver/Src/stm32h7xx_hal.c.obj
                0x08006d44                HAL_InitTick
 .text.HAL_IncTick
                0x08006db0       0x28 CMakeFiles/H750VBT6.dir/Drivers/STM32H7xx_HAL_Driver/Src/stm32h7xx_hal.c.obj
                0x08006db0                HAL_IncTick
 .text.HAL_GetTick
                0x08006dd8       0x18 CMakeFiles/H750VBT6.dir/Drivers/STM32H7xx_HAL_Driver/Src/stm32h7xx_hal.c.obj
                0x08006dd8                HAL_GetTick
 .text.HAL_GetREVID
                0x08006df0       0x18 CMakeFiles/H750VBT6.dir/Drivers/STM32H7xx_HAL_Driver/Src/stm32h7xx_hal.c.obj
                0x08006df0                HAL_GetREVID
 .text.HAL_SPI_Init
                0x08006e08      0x248 CMakeFiles/H750VBT6.dir/Drivers/STM32H7xx_HAL_Driver/Src/stm32h7xx_hal_spi.c.obj
                0x08006e08                HAL_SPI_Init
 .text.HAL_SPI_IRQHandler
                0x08007050      0x39c CMakeFiles/H750VBT6.dir/Drivers/STM32H7xx_HAL_Driver/Src/stm32h7xx_hal_spi.c.obj
                0x08007050                HAL_SPI_IRQHandler
 .text.HAL_SPI_TxCpltCallback
                0x080073ec       0x14 CMakeFiles/H750VBT6.dir/Drivers/STM32H7xx_HAL_Driver/Src/stm32h7xx_hal_spi.c.obj
                0x080073ec                HAL_SPI_TxCpltCallback
 .text.HAL_SPI_RxCpltCallback
                0x08007400       0x14 CMakeFiles/H750VBT6.dir/Drivers/STM32H7xx_HAL_Driver/Src/stm32h7xx_hal_spi.c.obj
                0x08007400                HAL_SPI_RxCpltCallback
 .text.HAL_SPI_TxRxCpltCallback
                0x08007414       0x14 CMakeFiles/H750VBT6.dir/Drivers/STM32H7xx_HAL_Driver/Src/stm32h7xx_hal_spi.c.obj
                0x08007414                HAL_SPI_TxRxCpltCallback
 .text.HAL_SPI_ErrorCallback
                0x08007428       0x14 CMakeFiles/H750VBT6.dir/Drivers/STM32H7xx_HAL_Driver/Src/stm32h7xx_hal_spi.c.obj
                0x08007428                HAL_SPI_ErrorCallback
 .text.HAL_SPI_SuspendCallback
                0x0800743c       0x14 CMakeFiles/H750VBT6.dir/Drivers/STM32H7xx_HAL_Driver/Src/stm32h7xx_hal_spi.c.obj
                0x0800743c                HAL_SPI_SuspendCallback
 .text.SPI_DMAAbortOnError
                0x08007450       0x34 CMakeFiles/H750VBT6.dir/Drivers/STM32H7xx_HAL_Driver/Src/stm32h7xx_hal_spi.c.obj
 .text.SPI_CloseTransfer
                0x08007484      0x140 CMakeFiles/H750VBT6.dir/Drivers/STM32H7xx_HAL_Driver/Src/stm32h7xx_hal_spi.c.obj
 .text.SPI_GetPacketSize
                0x080075c4       0x36 CMakeFiles/H750VBT6.dir/Drivers/STM32H7xx_HAL_Driver/Src/stm32h7xx_hal_spi.c.obj
 .text.HAL_TIM_OC_Init
                0x080075fa       0xae CMakeFiles/H750VBT6.dir/Drivers/STM32H7xx_HAL_Driver/Src/stm32h7xx_hal_tim.c.obj
                0x080075fa                HAL_TIM_OC_Init
 .text.HAL_TIM_OC_ConfigChannel
                0x080076a8       0xf4 CMakeFiles/H750VBT6.dir/Drivers/STM32H7xx_HAL_Driver/Src/stm32h7xx_hal_tim.c.obj
                0x080076a8                HAL_TIM_OC_ConfigChannel
 .text.TIM_Base_SetConfig
                0x0800779c      0x140 CMakeFiles/H750VBT6.dir/Drivers/STM32H7xx_HAL_Driver/Src/stm32h7xx_hal_tim.c.obj
                0x0800779c                TIM_Base_SetConfig
 .text.TIM_OC1_SetConfig
                0x080078dc      0x120 CMakeFiles/H750VBT6.dir/Drivers/STM32H7xx_HAL_Driver/Src/stm32h7xx_hal_tim.c.obj
 .text.TIM_OC2_SetConfig
                0x080079fc      0x114 CMakeFiles/H750VBT6.dir/Drivers/STM32H7xx_HAL_Driver/Src/stm32h7xx_hal_tim.c.obj
                0x080079fc                TIM_OC2_SetConfig
 .text.TIM_OC3_SetConfig
                0x08007b10      0x110 CMakeFiles/H750VBT6.dir/Drivers/STM32H7xx_HAL_Driver/Src/stm32h7xx_hal_tim.c.obj
 .text.TIM_OC4_SetConfig
                0x08007c20       0xd4 CMakeFiles/H750VBT6.dir/Drivers/STM32H7xx_HAL_Driver/Src/stm32h7xx_hal_tim.c.obj
 .text.TIM_OC5_SetConfig
                0x08007cf4       0xc8 CMakeFiles/H750VBT6.dir/Drivers/STM32H7xx_HAL_Driver/Src/stm32h7xx_hal_tim.c.obj
 .text.TIM_OC6_SetConfig
                0x08007dbc       0xcc CMakeFiles/H750VBT6.dir/Drivers/STM32H7xx_HAL_Driver/Src/stm32h7xx_hal_tim.c.obj
 .text.HAL_TIMEx_MasterConfigSynchronization
                0x08007e88      0x11c CMakeFiles/H750VBT6.dir/Drivers/STM32H7xx_HAL_Driver/Src/stm32h7xx_hal_tim_ex.c.obj
                0x08007e88                HAL_TIMEx_MasterConfigSynchronization
 .text.HAL_TIMEx_ConfigBreakDeadTime
                0x08007fa4       0xfc CMakeFiles/H750VBT6.dir/Drivers/STM32H7xx_HAL_Driver/Src/stm32h7xx_hal_tim_ex.c.obj
                0x08007fa4                HAL_TIMEx_ConfigBreakDeadTime
 .text.HAL_UART_Init
                0x080080a0       0xa0 CMakeFiles/H750VBT6.dir/Drivers/STM32H7xx_HAL_Driver/Src/stm32h7xx_hal_uart.c.obj
                0x080080a0                HAL_UART_Init
 .text.HAL_UART_Transmit
                0x08008140      0x11c CMakeFiles/H750VBT6.dir/Drivers/STM32H7xx_HAL_Driver/Src/stm32h7xx_hal_uart.c.obj
                0x08008140                HAL_UART_Transmit
 .text.UART_SetConfig
                0x0800825c      0xad0 CMakeFiles/H750VBT6.dir/Drivers/STM32H7xx_HAL_Driver/Src/stm32h7xx_hal_uart.c.obj
                0x0800825c                UART_SetConfig
 .text.UART_AdvFeatureConfig
                0x08008d2c      0x144 CMakeFiles/H750VBT6.dir/Drivers/STM32H7xx_HAL_Driver/Src/stm32h7xx_hal_uart.c.obj
                0x08008d2c                UART_AdvFeatureConfig
 .text.UART_CheckIdleState
                0x08008e70      0x154 CMakeFiles/H750VBT6.dir/Drivers/STM32H7xx_HAL_Driver/Src/stm32h7xx_hal_uart.c.obj
                0x08008e70                UART_CheckIdleState
 .text.UART_WaitOnFlagUntilTimeout
                0x08008fc4       0xda CMakeFiles/H750VBT6.dir/Drivers/STM32H7xx_HAL_Driver/Src/stm32h7xx_hal_uart.c.obj
                0x08008fc4                UART_WaitOnFlagUntilTimeout
 *fill*         0x0800909e        0x2 
 .text.UART_EndRxTransfer
                0x080090a0       0xcc CMakeFiles/H750VBT6.dir/Drivers/STM32H7xx_HAL_Driver/Src/stm32h7xx_hal_uart.c.obj
 .text.HAL_UARTEx_DisableFifoMode
                0x0800916c       0x72 CMakeFiles/H750VBT6.dir/Drivers/STM32H7xx_HAL_Driver/Src/stm32h7xx_hal_uart_ex.c.obj
                0x0800916c                HAL_UARTEx_DisableFifoMode
 .text.HAL_UARTEx_SetTxFifoThreshold
                0x080091de       0x7c CMakeFiles/H750VBT6.dir/Drivers/STM32H7xx_HAL_Driver/Src/stm32h7xx_hal_uart_ex.c.obj
                0x080091de                HAL_UARTEx_SetTxFifoThreshold
 .text.HAL_UARTEx_SetRxFifoThreshold
                0x0800925a       0x7c CMakeFiles/H750VBT6.dir/Drivers/STM32H7xx_HAL_Driver/Src/stm32h7xx_hal_uart_ex.c.obj
                0x0800925a                HAL_UARTEx_SetRxFifoThreshold
 *fill*         0x080092d6        0x2 
 .text.UARTEx_SetNbDataToProcess
                0x080092d8       0x9c CMakeFiles/H750VBT6.dir/Drivers/STM32H7xx_HAL_Driver/Src/stm32h7xx_hal_uart_ex.c.obj
 .text.SystemInit
                0x08009374      0x140 CMakeFiles/H750VBT6.dir/Core/Src/system_stm32h7xx.c.obj
                0x08009374                SystemInit
 .text.ExitRun0Mode
                0x080094b4       0x30 CMakeFiles/H750VBT6.dir/Core/Src/system_stm32h7xx.c.obj
                0x080094b4                ExitRun0Mode
 .text._sbrk    0x080094e4       0x6c CMakeFiles/H750VBT6.dir/Core/Src/sysmem.c.obj
                0x080094e4                _sbrk
 .text._getpid  0x08009550       0x10 CMakeFiles/H750VBT6.dir/Core/Src/syscalls.c.obj
                0x08009550                _getpid
 .text._kill    0x08009560       0x20 CMakeFiles/H750VBT6.dir/Core/Src/syscalls.c.obj
                0x08009560                _kill
 .text._exit    0x08009580       0x16 CMakeFiles/H750VBT6.dir/Core/Src/syscalls.c.obj
                0x08009580                _exit
 .text._read    0x08009596       0x3a CMakeFiles/H750VBT6.dir/Core/Src/syscalls.c.obj
                0x08009596                _read
 .text._write   0x080095d0       0x38 CMakeFiles/H750VBT6.dir/Core/Src/syscalls.c.obj
                0x080095d0                _write
 .text._close   0x08009608       0x18 CMakeFiles/H750VBT6.dir/Core/Src/syscalls.c.obj
                0x08009608                _close
 .text._fstat   0x08009620       0x20 CMakeFiles/H750VBT6.dir/Core/Src/syscalls.c.obj
                0x08009620                _fstat
 .text._isatty  0x08009640       0x16 CMakeFiles/H750VBT6.dir/Core/Src/syscalls.c.obj
                0x08009640                _isatty
 .text._lseek   0x08009656       0x1a CMakeFiles/H750VBT6.dir/Core/Src/syscalls.c.obj
                0x08009656                _lseek
 .text.Reset_Handler
                0x08009670       0x54 CMakeFiles/H750VBT6.dir/startup_stm32h750xx.s.obj
                0x08009670                Reset_Handler
 .text.Default_Handler
                0x080096c4        0x2 CMakeFiles/H750VBT6.dir/startup_stm32h750xx.s.obj
                0x080096c4                RTC_Alarm_IRQHandler
                0x080096c4                HASH_RNG_IRQHandler
                0x080096c4                EXTI2_IRQHandler
                0x080096c4                TIM8_CC_IRQHandler
                0x080096c4                HRTIM1_Master_IRQHandler
                0x080096c4                UART8_IRQHandler
                0x080096c4                SPI4_IRQHandler
                0x080096c4                TIM1_CC_IRQHandler
                0x080096c4                BDMA_Channel6_IRQHandler
                0x080096c4                DMA2_Stream5_IRQHandler
                0x080096c4                HRTIM1_FLT_IRQHandler
                0x080096c4                JPEG_IRQHandler
                0x080096c4                DMA1_Stream5_IRQHandler
                0x080096c4                BDMA_Channel1_IRQHandler
                0x080096c4                HRTIM1_TIMD_IRQHandler
                0x080096c4                TAMP_STAMP_IRQHandler
                0x080096c4                EXTI3_IRQHandler
                0x080096c4                LPTIM4_IRQHandler
                0x080096c4                TIM8_TRG_COM_TIM14_IRQHandler
                0x080096c4                LPTIM2_IRQHandler
                0x080096c4                DFSDM1_FLT1_IRQHandler
                0x080096c4                DMAMUX2_OVR_IRQHandler
                0x080096c4                TIM8_UP_TIM13_IRQHandler
                0x080096c4                I2C3_ER_IRQHandler
                0x080096c4                DFSDM1_FLT2_IRQHandler
                0x080096c4                MDMA_IRQHandler
                0x080096c4                LPTIM3_IRQHandler
                0x080096c4                HSEM1_IRQHandler
                0x080096c4                EXTI0_IRQHandler
                0x080096c4                I2C2_EV_IRQHandler
                0x080096c4                DMA1_Stream2_IRQHandler
                0x080096c4                FPU_IRQHandler
                0x080096c4                OTG_HS_WKUP_IRQHandler
                0x080096c4                FDCAN1_IT1_IRQHandler
                0x080096c4                LTDC_ER_IRQHandler
                0x080096c4                DMA2_Stream2_IRQHandler
                0x080096c4                HRTIM1_TIME_IRQHandler
                0x080096c4                TIM6_DAC_IRQHandler
                0x080096c4                DCMI_IRQHandler
                0x080096c4                HRTIM1_TIMC_IRQHandler
                0x080096c4                DMA2_Stream3_IRQHandler
                0x080096c4                SAI2_IRQHandler
                0x080096c4                DFSDM1_FLT3_IRQHandler
                0x080096c4                USART6_IRQHandler
                0x080096c4                TIM17_IRQHandler
                0x080096c4                USART3_IRQHandler
                0x080096c4                BDMA_Channel7_IRQHandler
                0x080096c4                CRYP_IRQHandler
                0x080096c4                LPTIM5_IRQHandler
                0x080096c4                UART5_IRQHandler
                0x080096c4                ADC3_IRQHandler
                0x080096c4                DMA2_Stream0_IRQHandler
                0x080096c4                TIM4_IRQHandler
                0x080096c4                BDMA_Channel2_IRQHandler
                0x080096c4                QUADSPI_IRQHandler
                0x080096c4                I2C1_EV_IRQHandler
                0x080096c4                DMA1_Stream6_IRQHandler
                0x080096c4                DMAMUX1_OVR_IRQHandler
                0x080096c4                DMA1_Stream1_IRQHandler
                0x080096c4                TIM16_IRQHandler
                0x080096c4                UART4_IRQHandler
                0x080096c4                BDMA_Channel5_IRQHandler
                0x080096c4                TIM3_IRQHandler
                0x080096c4                RCC_IRQHandler
                0x080096c4                TIM8_BRK_TIM12_IRQHandler
                0x080096c4                TIM1_TRG_COM_IRQHandler
                0x080096c4                Default_Handler
                0x080096c4                ECC_IRQHandler
                0x080096c4                CEC_IRQHandler
                0x080096c4                EXTI15_10_IRQHandler
                0x080096c4                BDMA_Channel0_IRQHandler
                0x080096c4                ADC_IRQHandler
                0x080096c4                DMA1_Stream7_IRQHandler
                0x080096c4                HRTIM1_TIMA_IRQHandler
                0x080096c4                SPI5_IRQHandler
                0x080096c4                TIM7_IRQHandler
                0x080096c4                SDMMC1_IRQHandler
                0x080096c4                TIM5_IRQHandler
                0x080096c4                DMA2_Stream7_IRQHandler
                0x080096c4                TIM15_IRQHandler
                0x080096c4                PVD_AVD_IRQHandler
                0x080096c4                I2C3_EV_IRQHandler
                0x080096c4                EXTI9_5_IRQHandler
                0x080096c4                RTC_WKUP_IRQHandler
                0x080096c4                LTDC_IRQHandler
                0x080096c4                SAI3_IRQHandler
                0x080096c4                ETH_WKUP_IRQHandler
                0x080096c4                SPDIF_RX_IRQHandler
                0x080096c4                SPI2_IRQHandler
                0x080096c4                OTG_HS_EP1_IN_IRQHandler
                0x080096c4                DMA1_Stream0_IRQHandler
                0x080096c4                CRS_IRQHandler
                0x080096c4                EXTI4_IRQHandler
                0x080096c4                HRTIM1_TIMB_IRQHandler
                0x080096c4                FDCAN2_IT1_IRQHandler
                0x080096c4                ETH_IRQHandler
                0x080096c4                TIM1_UP_IRQHandler
                0x080096c4                BDMA_Channel4_IRQHandler
                0x080096c4                OTG_HS_EP1_OUT_IRQHandler
                0x080096c4                WWDG_IRQHandler
                0x080096c4                SPI6_IRQHandler
                0x080096c4                MDIOS_IRQHandler
                0x080096c4                I2C4_EV_IRQHandler
                0x080096c4                FDCAN2_IT0_IRQHandler
                0x080096c4                LPUART1_IRQHandler
                0x080096c4                FDCAN1_IT0_IRQHandler
                0x080096c4                TIM2_IRQHandler
                0x080096c4                OTG_FS_WKUP_IRQHandler
                0x080096c4                OTG_HS_IRQHandler
                0x080096c4                DMA2D_IRQHandler
                0x080096c4                TIM1_BRK_IRQHandler
                0x080096c4                EXTI1_IRQHandler
                0x080096c4                SDMMC2_IRQHandler
                0x080096c4                OTG_FS_EP1_OUT_IRQHandler
                0x080096c4                BDMA_Channel3_IRQHandler
                0x080096c4                UART7_IRQHandler
                0x080096c4                MDIOS_WKUP_IRQHandler
                0x080096c4                USART2_IRQHandler
                0x080096c4                DFSDM1_FLT0_IRQHandler
                0x080096c4                SAI4_IRQHandler
                0x080096c4                I2C2_ER_IRQHandler
                0x080096c4                DMA2_Stream1_IRQHandler
                0x080096c4                FLASH_IRQHandler
                0x080096c4                DMA2_Stream4_IRQHandler
                0x080096c4                USART1_IRQHandler
                0x080096c4                OTG_FS_IRQHandler
                0x080096c4                SPI3_IRQHandler
                0x080096c4                WAKEUP_PIN_IRQHandler
                0x080096c4                DMA1_Stream4_IRQHandler
                0x080096c4                OTG_FS_EP1_IN_IRQHandler
                0x080096c4                I2C1_ER_IRQHandler
                0x080096c4                FMC_IRQHandler
                0x080096c4                FDCAN_CAL_IRQHandler
                0x080096c4                SWPMI1_IRQHandler
                0x080096c4                COMP1_IRQHandler
                0x080096c4                LPTIM1_IRQHandler
                0x080096c4                I2C4_ER_IRQHandler
                0x080096c4                DMA2_Stream6_IRQHandler
                0x080096c4                SAI1_IRQHandler
                0x080096c4                DMA1_Stream3_IRQHandler
 *fill*         0x080096c6        0x2 
 .text.__udivmoddi4
                0x080096c8      0x2f8 C:/Tools/ARMGNU~1/14EFD8~1.2RE/bin/../lib/gcc/arm-none-eabi/14.2.1/thumb/v7e-m+dp/hard\libgcc.a(_udivmoddi4.o)
                0x080096c8                __udivmoddi4
 .text.__errno  0x080099c0        0xc C:/Tools/ARMGNU~1/14EFD8~1.2RE/bin/../lib/gcc/arm-none-eabi/14.2.1/thumb/v7e-m+dp/hard\libg_nano.a(libc_a-errno.o)
                0x080099c0                __errno
 *(.glue_7)
 .glue_7        0x080099cc        0x0 linker stubs
 *(.glue_7t)
 .glue_7t       0x080099cc        0x0 linker stubs
 *(.eh_frame)
 .eh_frame      0x080099cc        0x0 C:/Tools/ARMGNU~1/14EFD8~1.2RE/bin/../lib/gcc/arm-none-eabi/14.2.1/thumb/v7e-m+dp/hard/crtbegin.o
 *(.init)
 .init          0x080099cc        0x4 C:/Tools/ARMGNU~1/14EFD8~1.2RE/bin/../lib/gcc/arm-none-eabi/14.2.1/thumb/v7e-m+dp/hard/crti.o
                0x080099cc                _init
 .init          0x080099d0        0x8 C:/Tools/ARMGNU~1/14EFD8~1.2RE/bin/../lib/gcc/arm-none-eabi/14.2.1/thumb/v7e-m+dp/hard/crtn.o
 *(.fini)
 .fini          0x080099d8        0x4 C:/Tools/ARMGNU~1/14EFD8~1.2RE/bin/../lib/gcc/arm-none-eabi/14.2.1/thumb/v7e-m+dp/hard/crti.o
                0x080099d8                _fini
 .fini          0x080099dc        0x8 C:/Tools/ARMGNU~1/14EFD8~1.2RE/bin/../lib/gcc/arm-none-eabi/14.2.1/thumb/v7e-m+dp/hard/crtn.o
                0x080099e4                        . = ALIGN (0x4)
                0x080099e4                        _etext = .

.vfp11_veneer   0x080099e4        0x0
 .vfp11_veneer  0x080099e4        0x0 linker stubs

.v4_bx          0x080099e4        0x0
 .v4_bx         0x080099e4        0x0 linker stubs

.iplt           0x080099e4        0x0
 .iplt          0x080099e4        0x0 C:/Tools/ARMGNU~1/14EFD8~1.2RE/bin/../lib/gcc/arm-none-eabi/14.2.1/thumb/v7e-m+dp/hard/crtbegin.o

.rodata         0x080099e8      0x3ac
                0x080099e8                        . = ALIGN (0x4)
 *(.rodata)
 *(.rodata*)
 .rodata._printf_float.str1.1
                0x080099e8      0x173 C:/Tools/ARMGNU~1/14EFD8~1.2RE/bin/../lib/gcc/arm-none-eabi/14.2.1/thumb/v7e-m+dp/hard\libc_nano.a(libc_a-nano-vfprintf_float.o)
                                 0x12 (size before relaxing)
 .rodata._printf_i.str1.1
                0x08009b5b       0x22 C:/Tools/ARMGNU~1/14EFD8~1.2RE/bin/../lib/gcc/arm-none-eabi/14.2.1/thumb/v7e-m+dp/hard\libc_nano.a(libc_a-nano-vfprintf_i.o)
 .rodata._dtoa_r.str1.1
                0x08009b5b       0x90 C:/Tools/ARMGNU~1/14EFD8~1.2RE/bin/../lib/gcc/arm-none-eabi/14.2.1/thumb/v7e-m+dp/hard\libc_nano.a(libc_a-dtoa.o)
 .rodata._Balloc.str1.1
                0x08009b5b       0x71 C:/Tools/ARMGNU~1/14EFD8~1.2RE/bin/../lib/gcc/arm-none-eabi/14.2.1/thumb/v7e-m+dp/hard\libc_nano.a(libc_a-mprec.o)
 .rodata.__multadd.str1.1
                0x08009b5b       0x11 C:/Tools/ARMGNU~1/14EFD8~1.2RE/bin/../lib/gcc/arm-none-eabi/14.2.1/thumb/v7e-m+dp/hard\libc_nano.a(libc_a-mprec.o)
 *fill*         0x08009b5b        0x1 
 .rodata.p05.0  0x08009b5c        0xc C:/Tools/ARMGNU~1/14EFD8~1.2RE/bin/../lib/gcc/arm-none-eabi/14.2.1/thumb/v7e-m+dp/hard\libc_nano.a(libc_a-mprec.o)
 .rodata.__mprec_bigtens
                0x08009b68       0x28 C:/Tools/ARMGNU~1/14EFD8~1.2RE/bin/../lib/gcc/arm-none-eabi/14.2.1/thumb/v7e-m+dp/hard\libc_nano.a(libc_a-mprec.o)
                0x08009b68                __mprec_bigtens
 .rodata.__mprec_tens
                0x08009b90       0xc8 C:/Tools/ARMGNU~1/14EFD8~1.2RE/bin/../lib/gcc/arm-none-eabi/14.2.1/thumb/v7e-m+dp/hard\libc_nano.a(libc_a-mprec.o)
                0x08009b90                __mprec_tens
 .rodata._setlocale_r.str1.1
                0x08009c58        0x9 C:/Tools/ARMGNU~1/14EFD8~1.2RE/bin/../lib/gcc/arm-none-eabi/14.2.1/thumb/v7e-m+dp/hard\libc_nano.a(libc_a-locale.o)
 .rodata.str1.1
                0x08009c58        0x2 C:/Tools/ARMGNU~1/14EFD8~1.2RE/bin/../lib/gcc/arm-none-eabi/14.2.1/thumb/v7e-m+dp/hard\libc_nano.a(libc_a-locale.o)
 .rodata.__assert_func.str1.1
                0x08009c58       0x3d C:/Tools/ARMGNU~1/14EFD8~1.2RE/bin/../lib/gcc/arm-none-eabi/14.2.1/thumb/v7e-m+dp/hard\libc_nano.a(libc_a-assert.o)
 .rodata._ctype_
                0x08009c58      0x101 C:/Tools/ARMGNU~1/14EFD8~1.2RE/bin/../lib/gcc/arm-none-eabi/14.2.1/thumb/v7e-m+dp/hard\libc_nano.a(libc_a-ctype_.o)
                0x08009c58                _ctype_
 .rodata._vfprintf_r.str1.1
                0x08009d59       0x11 C:/Tools/ARMGNU~1/14EFD8~1.2RE/bin/../lib/gcc/arm-none-eabi/14.2.1/thumb/v7e-m+dp/hard\libc_nano.a(libc_a-nano-vfprintf.o)
 *fill*         0x08009d59        0x3 
 .rodata.UARTPrescTable
                0x08009d5c       0x18 CMakeFiles/H750VBT6.dir/Drivers/STM32H7xx_HAL_Driver/Src/stm32h7xx_hal_uart.c.obj
                0x08009d5c                UARTPrescTable
 .rodata.numerator.1
                0x08009d74        0x8 CMakeFiles/H750VBT6.dir/Drivers/STM32H7xx_HAL_Driver/Src/stm32h7xx_hal_uart_ex.c.obj
 .rodata.denominator.0
                0x08009d7c        0x8 CMakeFiles/H750VBT6.dir/Drivers/STM32H7xx_HAL_Driver/Src/stm32h7xx_hal_uart_ex.c.obj
 .rodata.D1CorePrescTable
                0x08009d84       0x10 CMakeFiles/H750VBT6.dir/Core/Src/system_stm32h7xx.c.obj
                0x08009d84                D1CorePrescTable
                0x08009d94                        . = ALIGN (0x4)

.ARM.extab
 *(.ARM.extab* .gnu.linkonce.armextab.*)

.ARM            0x08009d94        0x8
                0x08009d94                        __exidx_start = .
 *(.ARM.exidx*)
 .ARM.exidx     0x08009d94        0x8 C:/Tools/ARMGNU~1/14EFD8~1.2RE/bin/../lib/gcc/arm-none-eabi/14.2.1/thumb/v7e-m+dp/hard\libc_nano.a(libc_a-memchr.o)
 .ARM.exidx     0x08009d9c        0x0 C:/Tools/ARMGNU~1/14EFD8~1.2RE/bin/../lib/gcc/arm-none-eabi/14.2.1/thumb/v7e-m+dp/hard\libc_nano.a(libc_a-strlen.o)
                                  0x8 (size before relaxing)
 .ARM.exidx.text.__udivmoddi4
                0x08009d9c        0x0 C:/Tools/ARMGNU~1/14EFD8~1.2RE/bin/../lib/gcc/arm-none-eabi/14.2.1/thumb/v7e-m+dp/hard\libgcc.a(_udivmoddi4.o)
                                  0x8 (size before relaxing)
                0x08009d9c                        __exidx_end = .

.rel.dyn        0x08009d9c        0x0
 .rel.iplt      0x08009d9c        0x0 C:/Tools/ARMGNU~1/14EFD8~1.2RE/bin/../lib/gcc/arm-none-eabi/14.2.1/thumb/v7e-m+dp/hard/crtbegin.o

.preinit_array  0x08009d9c        0x0
                0x08009d9c                        PROVIDE (__preinit_array_start = .)
 *(.preinit_array*)
                0x08009d9c                        PROVIDE (__preinit_array_end = .)

.init_array     0x08009d9c        0x4
                0x08009d9c                        PROVIDE (__init_array_start = .)
 *(SORT_BY_NAME(.init_array.*))
 *(.init_array*)
 .init_array    0x08009d9c        0x4 C:/Tools/ARMGNU~1/14EFD8~1.2RE/bin/../lib/gcc/arm-none-eabi/14.2.1/thumb/v7e-m+dp/hard/crtbegin.o
                0x08009da0                        PROVIDE (__init_array_end = .)

.fini_array     0x08009da0        0x4
                [!provide]                        PROVIDE (__fini_array_start = .)
 *(SORT_BY_NAME(.fini_array.*))
 *(.fini_array*)
 .fini_array    0x08009da0        0x4 C:/Tools/ARMGNU~1/14EFD8~1.2RE/bin/../lib/gcc/arm-none-eabi/14.2.1/thumb/v7e-m+dp/hard/crtbegin.o
                [!provide]                        PROVIDE (__fini_array_end = .)
                0x08009da4                        _sidata = LOADADDR (.data)

.data           0x20000000      0x1d8 load address 0x08009da4
                0x20000000                        . = ALIGN (0x4)
                0x20000000                        _sdata = .
 *(.data)
 *(.data*)
 .data.__sglue  0x20000000        0xc C:/Tools/ARMGNU~1/14EFD8~1.2RE/bin/../lib/gcc/arm-none-eabi/14.2.1/thumb/v7e-m+dp/hard\libc_nano.a(libc_a-findfp.o)
                0x20000000                __sglue
 .data._impure_ptr
                0x2000000c        0x4 C:/Tools/ARMGNU~1/14EFD8~1.2RE/bin/../lib/gcc/arm-none-eabi/14.2.1/thumb/v7e-m+dp/hard\libc_nano.a(libc_a-impure.o)
                0x2000000c                _impure_ptr
 .data._impure_data
                0x20000010       0x4c C:/Tools/ARMGNU~1/14EFD8~1.2RE/bin/../lib/gcc/arm-none-eabi/14.2.1/thumb/v7e-m+dp/hard\libc_nano.a(libc_a-impure.o)
                0x20000010                _impure_data
 .data.__global_locale
                0x2000005c      0x16c C:/Tools/ARMGNU~1/14EFD8~1.2RE/bin/../lib/gcc/arm-none-eabi/14.2.1/thumb/v7e-m+dp/hard\libc_nano.a(libc_a-locale.o)
                0x2000005c                __global_locale
 .data.uwTickPrio
                0x200001c8        0x4 CMakeFiles/H750VBT6.dir/Drivers/STM32H7xx_HAL_Driver/Src/stm32h7xx_hal.c.obj
                0x200001c8                uwTickPrio
 .data.uwTickFreq
                0x200001cc        0x1 CMakeFiles/H750VBT6.dir/Drivers/STM32H7xx_HAL_Driver/Src/stm32h7xx_hal.c.obj
                0x200001cc                uwTickFreq
 *fill*         0x200001cd        0x3 
 .data.SystemCoreClock
                0x200001d0        0x4 CMakeFiles/H750VBT6.dir/Core/Src/system_stm32h7xx.c.obj
                0x200001d0                SystemCoreClock
 .data.SystemD2Clock
                0x200001d4        0x4 CMakeFiles/H750VBT6.dir/Core/Src/system_stm32h7xx.c.obj
                0x200001d4                SystemD2Clock
                0x200001d8                        . = ALIGN (0x4)
                0x200001d8                        _edata = .

.tm_clone_table
                0x200001d8        0x0 load address 0x08009f7c
 .tm_clone_table
                0x200001d8        0x0 C:/Tools/ARMGNU~1/14EFD8~1.2RE/bin/../lib/gcc/arm-none-eabi/14.2.1/thumb/v7e-m+dp/hard/crtbegin.o
 .tm_clone_table
                0x200001d8        0x0 C:/Tools/ARMGNU~1/14EFD8~1.2RE/bin/../lib/gcc/arm-none-eabi/14.2.1/thumb/v7e-m+dp/hard/crtend.o

.igot.plt       0x200001d8        0x0 load address 0x08009f7c
 .igot.plt      0x200001d8        0x0 C:/Tools/ARMGNU~1/14EFD8~1.2RE/bin/../lib/gcc/arm-none-eabi/14.2.1/thumb/v7e-m+dp/hard/crtbegin.o
                0x200001d8                        . = ALIGN (0x4)

.bss            0x200001d8      0x360 load address 0x08009f7c
                0x200001d8                        _sbss = .
                0x200001d8                        __bss_start__ = _sbss
 *(.bss)
 *(.bss*)
 .bss.completed.1
                0x200001d8        0x1 C:/Tools/ARMGNU~1/14EFD8~1.2RE/bin/../lib/gcc/arm-none-eabi/14.2.1/thumb/v7e-m+dp/hard/crtbegin.o
 *fill*         0x200001d9        0x3 
 .bss.object.0  0x200001dc       0x18 C:/Tools/ARMGNU~1/14EFD8~1.2RE/bin/../lib/gcc/arm-none-eabi/14.2.1/thumb/v7e-m+dp/hard/crtbegin.o
 .bss.__sf      0x200001f4      0x138 C:/Tools/ARMGNU~1/14EFD8~1.2RE/bin/../lib/gcc/arm-none-eabi/14.2.1/thumb/v7e-m+dp/hard\libc_nano.a(libc_a-findfp.o)
                0x200001f4                __sf
 .bss.__stdio_exit_handler
                0x2000032c        0x4 C:/Tools/ARMGNU~1/14EFD8~1.2RE/bin/../lib/gcc/arm-none-eabi/14.2.1/thumb/v7e-m+dp/hard\libc_nano.a(libc_a-findfp.o)
                0x2000032c                __stdio_exit_handler
 .bss.errno     0x20000330        0x4 C:/Tools/ARMGNU~1/14EFD8~1.2RE/bin/../lib/gcc/arm-none-eabi/14.2.1/thumb/v7e-m+dp/hard\libc_nano.a(libc_a-reent.o)
                0x20000330                errno
 .bss.__lock___malloc_recursive_mutex
                0x20000334        0x1 C:/Tools/ARMGNU~1/14EFD8~1.2RE/bin/../lib/gcc/arm-none-eabi/14.2.1/thumb/v7e-m+dp/hard\libc_nano.a(libc_a-lock.o)
                0x20000334                __lock___malloc_recursive_mutex
 .bss.__lock___sfp_recursive_mutex
                0x20000335        0x1 C:/Tools/ARMGNU~1/14EFD8~1.2RE/bin/../lib/gcc/arm-none-eabi/14.2.1/thumb/v7e-m+dp/hard\libc_nano.a(libc_a-lock.o)
                0x20000335                __lock___sfp_recursive_mutex
 *fill*         0x20000336        0x2 
 .bss.__malloc_sbrk_start
                0x20000338        0x4 C:/Tools/ARMGNU~1/14EFD8~1.2RE/bin/../lib/gcc/arm-none-eabi/14.2.1/thumb/v7e-m+dp/hard\libc_nano.a(libc_a-mallocr.o)
                0x20000338                __malloc_sbrk_start
 .bss.__malloc_free_list
                0x2000033c        0x4 C:/Tools/ARMGNU~1/14EFD8~1.2RE/bin/../lib/gcc/arm-none-eabi/14.2.1/thumb/v7e-m+dp/hard\libc_nano.a(libc_a-mallocr.o)
                0x2000033c                __malloc_free_list
 .bss.hspi1     0x20000340       0x88 CMakeFiles/H750VBT6.dir/Core/Src/spi.c.obj
                0x20000340                hspi1
 .bss.hspi4     0x200003c8       0x88 CMakeFiles/H750VBT6.dir/Core/Src/spi.c.obj
                0x200003c8                hspi4
 .bss.htim1     0x20000450       0x4c CMakeFiles/H750VBT6.dir/Core/Src/tim.c.obj
                0x20000450                htim1
 .bss.huart1    0x2000049c       0x94 CMakeFiles/H750VBT6.dir/Core/Src/usart.c.obj
                0x2000049c                huart1
 .bss.uwTick    0x20000530        0x4 CMakeFiles/H750VBT6.dir/Drivers/STM32H7xx_HAL_Driver/Src/stm32h7xx_hal.c.obj
                0x20000530                uwTick
 .bss.__sbrk_heap_end
                0x20000534        0x4 CMakeFiles/H750VBT6.dir/Core/Src/sysmem.c.obj
 *(COMMON)
                0x20000538                        . = ALIGN (0x4)
                0x20000538                        _ebss = .
                0x20000538                        __bss_end__ = _ebss

._user_heap_stack
                0x20000538      0x600 load address 0x08009f7c
                0x20000538                        . = ALIGN (0x8)
                [!provide]                        PROVIDE (end = .)
                0x20000538                        PROVIDE (_end = .)
                0x20000738                        . = (. + _Min_Heap_Size)
 *fill*         0x20000538      0x200 
                0x20000b38                        . = (. + _Min_Stack_Size)
 *fill*         0x20000738      0x400 
                0x20000b38                        . = ALIGN (0x8)

/DISCARD/
 libc.a(*)
 libm.a(*)
 libgcc.a(*)
OUTPUT(H750VBT6.elf elf32-littlearm)
LOAD linker stubs
LOAD C:/Tools/ARMGNU~1/14EFD8~1.2RE/bin/../lib/gcc/arm-none-eabi/14.2.1/thumb/v7e-m+dp/hard\libc.a
LOAD C:/Tools/ARMGNU~1/14EFD8~1.2RE/bin/../lib/gcc/arm-none-eabi/14.2.1/thumb/v7e-m+dp/hard\libm.a
LOAD C:/Tools/ARMGNU~1/14EFD8~1.2RE/bin/../lib/gcc/arm-none-eabi/14.2.1/thumb/v7e-m+dp/hard\libgcc.a

.ARM.attributes
                0x00000000       0x2e
 .ARM.attributes
                0x00000000       0x20 C:/Tools/ARMGNU~1/14EFD8~1.2RE/bin/../lib/gcc/arm-none-eabi/14.2.1/thumb/v7e-m+dp/hard/crti.o
 .ARM.attributes
                0x00000020       0x32 C:/Tools/ARMGNU~1/14EFD8~1.2RE/bin/../lib/gcc/arm-none-eabi/14.2.1/thumb/v7e-m+dp/hard/crtbegin.o
 .ARM.attributes
                0x00000052       0x32 C:/Tools/ARMGNU~1/14EFD8~1.2RE/bin/../lib/gcc/arm-none-eabi/14.2.1/thumb/v7e-m+dp/hard\libc_nano.a(libc_a-nano-vfprintf_float.o)
 .ARM.attributes
                0x00000084       0x32 C:/Tools/ARMGNU~1/14EFD8~1.2RE/bin/../lib/gcc/arm-none-eabi/14.2.1/thumb/v7e-m+dp/hard\libc_nano.a(libc_a-nano-vfprintf_i.o)
 .ARM.attributes
                0x000000b6       0x32 C:/Tools/ARMGNU~1/14EFD8~1.2RE/bin/../lib/gcc/arm-none-eabi/14.2.1/thumb/v7e-m+dp/hard\libc_nano.a(libc_a-findfp.o)
 .ARM.attributes
                0x000000e8       0x32 C:/Tools/ARMGNU~1/14EFD8~1.2RE/bin/../lib/gcc/arm-none-eabi/14.2.1/thumb/v7e-m+dp/hard\libc_nano.a(libc_a-fwalk.o)
 .ARM.attributes
                0x0000011a       0x32 C:/Tools/ARMGNU~1/14EFD8~1.2RE/bin/../lib/gcc/arm-none-eabi/14.2.1/thumb/v7e-m+dp/hard\libc_nano.a(libc_a-stdio.o)
 .ARM.attributes
                0x0000014c       0x32 C:/Tools/ARMGNU~1/14EFD8~1.2RE/bin/../lib/gcc/arm-none-eabi/14.2.1/thumb/v7e-m+dp/hard\libc_nano.a(libc_a-memset.o)
 .ARM.attributes
                0x0000017e       0x32 C:/Tools/ARMGNU~1/14EFD8~1.2RE/bin/../lib/gcc/arm-none-eabi/14.2.1/thumb/v7e-m+dp/hard\libc_nano.a(libc_a-localeconv.o)
 .ARM.attributes
                0x000001b0       0x32 C:/Tools/ARMGNU~1/14EFD8~1.2RE/bin/../lib/gcc/arm-none-eabi/14.2.1/thumb/v7e-m+dp/hard\libc_nano.a(libc_a-closer.o)
 .ARM.attributes
                0x000001e2       0x32 C:/Tools/ARMGNU~1/14EFD8~1.2RE/bin/../lib/gcc/arm-none-eabi/14.2.1/thumb/v7e-m+dp/hard\libc_nano.a(libc_a-reent.o)
 .ARM.attributes
                0x00000214       0x32 C:/Tools/ARMGNU~1/14EFD8~1.2RE/bin/../lib/gcc/arm-none-eabi/14.2.1/thumb/v7e-m+dp/hard\libc_nano.a(libc_a-impure.o)
 .ARM.attributes
                0x00000246       0x32 C:/Tools/ARMGNU~1/14EFD8~1.2RE/bin/../lib/gcc/arm-none-eabi/14.2.1/thumb/v7e-m+dp/hard\libc_nano.a(libc_a-lseekr.o)
 .ARM.attributes
                0x00000278       0x32 C:/Tools/ARMGNU~1/14EFD8~1.2RE/bin/../lib/gcc/arm-none-eabi/14.2.1/thumb/v7e-m+dp/hard\libc_nano.a(libc_a-readr.o)
 .ARM.attributes
                0x000002aa       0x32 C:/Tools/ARMGNU~1/14EFD8~1.2RE/bin/../lib/gcc/arm-none-eabi/14.2.1/thumb/v7e-m+dp/hard\libc_nano.a(libc_a-writer.o)
 .ARM.attributes
                0x000002dc       0x32 C:/Tools/ARMGNU~1/14EFD8~1.2RE/bin/../lib/gcc/arm-none-eabi/14.2.1/thumb/v7e-m+dp/hard\libc_nano.a(libc_a-init.o)
 .ARM.attributes
                0x0000030e       0x32 C:/Tools/ARMGNU~1/14EFD8~1.2RE/bin/../lib/gcc/arm-none-eabi/14.2.1/thumb/v7e-m+dp/hard\libc_nano.a(libc_a-lock.o)
 .ARM.attributes
                0x00000340       0x1c C:/Tools/ARMGNU~1/14EFD8~1.2RE/bin/../lib/gcc/arm-none-eabi/14.2.1/thumb/v7e-m+dp/hard\libc_nano.a(libc_a-memchr.o)
 .ARM.attributes
                0x0000035c       0x17 C:/Tools/ARMGNU~1/14EFD8~1.2RE/bin/../lib/gcc/arm-none-eabi/14.2.1/thumb/v7e-m+dp/hard\libc_nano.a(libc_a-strlen.o)
 .ARM.attributes
                0x00000373       0x32 C:/Tools/ARMGNU~1/14EFD8~1.2RE/bin/../lib/gcc/arm-none-eabi/14.2.1/thumb/v7e-m+dp/hard\libc_nano.a(libc_a-dtoa.o)
 .ARM.attributes
                0x000003a5       0x32 C:/Tools/ARMGNU~1/14EFD8~1.2RE/bin/../lib/gcc/arm-none-eabi/14.2.1/thumb/v7e-m+dp/hard\libc_nano.a(libc_a-freer.o)
 .ARM.attributes
                0x000003d7       0x32 C:/Tools/ARMGNU~1/14EFD8~1.2RE/bin/../lib/gcc/arm-none-eabi/14.2.1/thumb/v7e-m+dp/hard\libc_nano.a(libc_a-malloc.o)
 .ARM.attributes
                0x00000409       0x32 C:/Tools/ARMGNU~1/14EFD8~1.2RE/bin/../lib/gcc/arm-none-eabi/14.2.1/thumb/v7e-m+dp/hard\libc_nano.a(libc_a-mallocr.o)
 .ARM.attributes
                0x0000043b       0x32 C:/Tools/ARMGNU~1/14EFD8~1.2RE/bin/../lib/gcc/arm-none-eabi/14.2.1/thumb/v7e-m+dp/hard\libc_nano.a(libc_a-mlock.o)
 .ARM.attributes
                0x0000046d       0x32 C:/Tools/ARMGNU~1/14EFD8~1.2RE/bin/../lib/gcc/arm-none-eabi/14.2.1/thumb/v7e-m+dp/hard\libc_nano.a(libc_a-mprec.o)
 .ARM.attributes
                0x0000049f       0x32 C:/Tools/ARMGNU~1/14EFD8~1.2RE/bin/../lib/gcc/arm-none-eabi/14.2.1/thumb/v7e-m+dp/hard\libc_nano.a(libc_a-fflush.o)
 .ARM.attributes
                0x000004d1       0x32 C:/Tools/ARMGNU~1/14EFD8~1.2RE/bin/../lib/gcc/arm-none-eabi/14.2.1/thumb/v7e-m+dp/hard\libc_nano.a(libc_a-locale.o)
 .ARM.attributes
                0x00000503       0x32 C:/Tools/ARMGNU~1/14EFD8~1.2RE/bin/../lib/gcc/arm-none-eabi/14.2.1/thumb/v7e-m+dp/hard\libc_nano.a(libc_a-sbrkr.o)
 .ARM.attributes
                0x00000535       0x32 C:/Tools/ARMGNU~1/14EFD8~1.2RE/bin/../lib/gcc/arm-none-eabi/14.2.1/thumb/v7e-m+dp/hard\libc_nano.a(libc_a-memcpy-stub.o)
 .ARM.attributes
                0x00000567       0x32 C:/Tools/ARMGNU~1/14EFD8~1.2RE/bin/../lib/gcc/arm-none-eabi/14.2.1/thumb/v7e-m+dp/hard\libc_nano.a(libc_a-assert.o)
 .ARM.attributes
                0x00000599       0x32 C:/Tools/ARMGNU~1/14EFD8~1.2RE/bin/../lib/gcc/arm-none-eabi/14.2.1/thumb/v7e-m+dp/hard\libc_nano.a(libc_a-callocr.o)
 .ARM.attributes
                0x000005cb       0x32 C:/Tools/ARMGNU~1/14EFD8~1.2RE/bin/../lib/gcc/arm-none-eabi/14.2.1/thumb/v7e-m+dp/hard\libc_nano.a(libc_a-mbtowc_r.o)
 .ARM.attributes
                0x000005fd       0x32 C:/Tools/ARMGNU~1/14EFD8~1.2RE/bin/../lib/gcc/arm-none-eabi/14.2.1/thumb/v7e-m+dp/hard\libc_nano.a(libc_a-wctomb_r.o)
 .ARM.attributes
                0x0000062f       0x32 C:/Tools/ARMGNU~1/14EFD8~1.2RE/bin/../lib/gcc/arm-none-eabi/14.2.1/thumb/v7e-m+dp/hard\libc_nano.a(libc_a-ctype_.o)
 .ARM.attributes
                0x00000661       0x32 C:/Tools/ARMGNU~1/14EFD8~1.2RE/bin/../lib/gcc/arm-none-eabi/14.2.1/thumb/v7e-m+dp/hard\libc_nano.a(libc_a-fprintf.o)
 .ARM.attributes
                0x00000693       0x32 C:/Tools/ARMGNU~1/14EFD8~1.2RE/bin/../lib/gcc/arm-none-eabi/14.2.1/thumb/v7e-m+dp/hard\libc_nano.a(libc_a-abort.o)
 .ARM.attributes
                0x000006c5       0x32 C:/Tools/ARMGNU~1/14EFD8~1.2RE/bin/../lib/gcc/arm-none-eabi/14.2.1/thumb/v7e-m+dp/hard\libc_nano.a(libc_a-nano-vfprintf.o)
 .ARM.attributes
                0x000006f7       0x32 C:/Tools/ARMGNU~1/14EFD8~1.2RE/bin/../lib/gcc/arm-none-eabi/14.2.1/thumb/v7e-m+dp/hard\libc_nano.a(libc_a-wbuf.o)
 .ARM.attributes
                0x00000729       0x32 C:/Tools/ARMGNU~1/14EFD8~1.2RE/bin/../lib/gcc/arm-none-eabi/14.2.1/thumb/v7e-m+dp/hard\libc_nano.a(libc_a-wsetup.o)
 .ARM.attributes
                0x0000075b       0x32 C:/Tools/ARMGNU~1/14EFD8~1.2RE/bin/../lib/gcc/arm-none-eabi/14.2.1/thumb/v7e-m+dp/hard\libc_nano.a(libc_a-signal.o)
 .ARM.attributes
                0x0000078d       0x32 C:/Tools/ARMGNU~1/14EFD8~1.2RE/bin/../lib/gcc/arm-none-eabi/14.2.1/thumb/v7e-m+dp/hard\libc_nano.a(libc_a-signalr.o)
 .ARM.attributes
                0x000007bf       0x32 C:/Tools/ARMGNU~1/14EFD8~1.2RE/bin/../lib/gcc/arm-none-eabi/14.2.1/thumb/v7e-m+dp/hard\libc_nano.a(libc_a-makebuf.o)
 .ARM.attributes
                0x000007f1       0x32 C:/Tools/ARMGNU~1/14EFD8~1.2RE/bin/../lib/gcc/arm-none-eabi/14.2.1/thumb/v7e-m+dp/hard\libc_nano.a(libc_a-fstatr.o)
 .ARM.attributes
                0x00000823       0x32 C:/Tools/ARMGNU~1/14EFD8~1.2RE/bin/../lib/gcc/arm-none-eabi/14.2.1/thumb/v7e-m+dp/hard\libc_nano.a(libc_a-isattyr.o)
 .ARM.attributes
                0x00000855       0x32 CMakeFiles/H750VBT6.dir/Core/Src/main.c.obj
 .ARM.attributes
                0x00000887       0x32 CMakeFiles/H750VBT6.dir/Core/Src/gpio.c.obj
 .ARM.attributes
                0x000008b9       0x32 CMakeFiles/H750VBT6.dir/Core/Src/spi.c.obj
 .ARM.attributes
                0x000008eb       0x32 CMakeFiles/H750VBT6.dir/Core/Src/tim.c.obj
 .ARM.attributes
                0x0000091d       0x32 CMakeFiles/H750VBT6.dir/Core/Src/usart.c.obj
 .ARM.attributes
                0x0000094f       0x32 CMakeFiles/H750VBT6.dir/Core/Src/stm32h7xx_it.c.obj
 .ARM.attributes
                0x00000981       0x32 CMakeFiles/H750VBT6.dir/Core/Src/stm32h7xx_hal_msp.c.obj
 .ARM.attributes
                0x000009b3       0x32 CMakeFiles/H750VBT6.dir/Drivers/STM32H7xx_HAL_Driver/Src/stm32h7xx_hal_cortex.c.obj
 .ARM.attributes
                0x000009e5       0x32 CMakeFiles/H750VBT6.dir/Drivers/STM32H7xx_HAL_Driver/Src/stm32h7xx_hal_rcc.c.obj
 .ARM.attributes
                0x00000a17       0x32 CMakeFiles/H750VBT6.dir/Drivers/STM32H7xx_HAL_Driver/Src/stm32h7xx_hal_rcc_ex.c.obj
 .ARM.attributes
                0x00000a49       0x32 CMakeFiles/H750VBT6.dir/Drivers/STM32H7xx_HAL_Driver/Src/stm32h7xx_hal_gpio.c.obj
 .ARM.attributes
                0x00000a7b       0x32 CMakeFiles/H750VBT6.dir/Drivers/STM32H7xx_HAL_Driver/Src/stm32h7xx_hal_dma.c.obj
 .ARM.attributes
                0x00000aad       0x32 CMakeFiles/H750VBT6.dir/Drivers/STM32H7xx_HAL_Driver/Src/stm32h7xx_hal_pwr_ex.c.obj
 .ARM.attributes
                0x00000adf       0x32 CMakeFiles/H750VBT6.dir/Drivers/STM32H7xx_HAL_Driver/Src/stm32h7xx_hal.c.obj
 .ARM.attributes
                0x00000b11       0x32 CMakeFiles/H750VBT6.dir/Drivers/STM32H7xx_HAL_Driver/Src/stm32h7xx_hal_spi.c.obj
 .ARM.attributes
                0x00000b43       0x32 CMakeFiles/H750VBT6.dir/Drivers/STM32H7xx_HAL_Driver/Src/stm32h7xx_hal_tim.c.obj
 .ARM.attributes
                0x00000b75       0x32 CMakeFiles/H750VBT6.dir/Drivers/STM32H7xx_HAL_Driver/Src/stm32h7xx_hal_tim_ex.c.obj
 .ARM.attributes
                0x00000ba7       0x32 CMakeFiles/H750VBT6.dir/Drivers/STM32H7xx_HAL_Driver/Src/stm32h7xx_hal_uart.c.obj
 .ARM.attributes
                0x00000bd9       0x32 CMakeFiles/H750VBT6.dir/Drivers/STM32H7xx_HAL_Driver/Src/stm32h7xx_hal_uart_ex.c.obj
 .ARM.attributes
                0x00000c0b       0x32 CMakeFiles/H750VBT6.dir/Core/Src/system_stm32h7xx.c.obj
 .ARM.attributes
                0x00000c3d       0x32 CMakeFiles/H750VBT6.dir/Core/Src/sysmem.c.obj
 .ARM.attributes
                0x00000c6f       0x32 CMakeFiles/H750VBT6.dir/Core/Src/syscalls.c.obj
 .ARM.attributes
                0x00000ca1       0x21 CMakeFiles/H750VBT6.dir/startup_stm32h750xx.s.obj
 .ARM.attributes
                0x00000cc2       0x20 C:/Tools/ARMGNU~1/14EFD8~1.2RE/bin/../lib/gcc/arm-none-eabi/14.2.1/thumb/v7e-m+dp/hard\libgcc.a(_aeabi_uldivmod.o)
 .ARM.attributes
                0x00000ce2       0x32 C:/Tools/ARMGNU~1/14EFD8~1.2RE/bin/../lib/gcc/arm-none-eabi/14.2.1/thumb/v7e-m+dp/hard\libgcc.a(_udivmoddi4.o)
 .ARM.attributes
                0x00000d14       0x20 C:/Tools/ARMGNU~1/14EFD8~1.2RE/bin/../lib/gcc/arm-none-eabi/14.2.1/thumb/v7e-m+dp/hard\libgcc.a(_dvmd_tls.o)
 .ARM.attributes
                0x00000d34       0x32 C:/Tools/ARMGNU~1/14EFD8~1.2RE/bin/../lib/gcc/arm-none-eabi/14.2.1/thumb/v7e-m+dp/hard\libg_nano.a(libc_a-errno.o)
 .ARM.attributes
                0x00000d66       0x32 C:/Tools/ARMGNU~1/14EFD8~1.2RE/bin/../lib/gcc/arm-none-eabi/14.2.1/thumb/v7e-m+dp/hard/crtend.o
 .ARM.attributes
                0x00000d98       0x20 C:/Tools/ARMGNU~1/14EFD8~1.2RE/bin/../lib/gcc/arm-none-eabi/14.2.1/thumb/v7e-m+dp/hard/crtn.o

.comment        0x00000000       0x45
 .comment       0x00000000       0x45 CMakeFiles/H750VBT6.dir/Core/Src/main.c.obj
                                 0x46 (size before relaxing)
 .comment       0x00000045       0x46 CMakeFiles/H750VBT6.dir/Core/Src/gpio.c.obj
 .comment       0x00000045       0x46 CMakeFiles/H750VBT6.dir/Core/Src/spi.c.obj
 .comment       0x00000045       0x46 CMakeFiles/H750VBT6.dir/Core/Src/tim.c.obj
 .comment       0x00000045       0x46 CMakeFiles/H750VBT6.dir/Core/Src/usart.c.obj
 .comment       0x00000045       0x46 CMakeFiles/H750VBT6.dir/Core/Src/stm32h7xx_it.c.obj
 .comment       0x00000045       0x46 CMakeFiles/H750VBT6.dir/Core/Src/stm32h7xx_hal_msp.c.obj
 .comment       0x00000045       0x46 CMakeFiles/H750VBT6.dir/Drivers/STM32H7xx_HAL_Driver/Src/stm32h7xx_hal_cortex.c.obj
 .comment       0x00000045       0x46 CMakeFiles/H750VBT6.dir/Drivers/STM32H7xx_HAL_Driver/Src/stm32h7xx_hal_rcc.c.obj
 .comment       0x00000045       0x46 CMakeFiles/H750VBT6.dir/Drivers/STM32H7xx_HAL_Driver/Src/stm32h7xx_hal_rcc_ex.c.obj
 .comment       0x00000045       0x46 CMakeFiles/H750VBT6.dir/Drivers/STM32H7xx_HAL_Driver/Src/stm32h7xx_hal_gpio.c.obj
 .comment       0x00000045       0x46 CMakeFiles/H750VBT6.dir/Drivers/STM32H7xx_HAL_Driver/Src/stm32h7xx_hal_dma.c.obj
 .comment       0x00000045       0x46 CMakeFiles/H750VBT6.dir/Drivers/STM32H7xx_HAL_Driver/Src/stm32h7xx_hal_pwr_ex.c.obj
 .comment       0x00000045       0x46 CMakeFiles/H750VBT6.dir/Drivers/STM32H7xx_HAL_Driver/Src/stm32h7xx_hal.c.obj
 .comment       0x00000045       0x46 CMakeFiles/H750VBT6.dir/Drivers/STM32H7xx_HAL_Driver/Src/stm32h7xx_hal_spi.c.obj
 .comment       0x00000045       0x46 CMakeFiles/H750VBT6.dir/Drivers/STM32H7xx_HAL_Driver/Src/stm32h7xx_hal_tim.c.obj
 .comment       0x00000045       0x46 CMakeFiles/H750VBT6.dir/Drivers/STM32H7xx_HAL_Driver/Src/stm32h7xx_hal_tim_ex.c.obj
 .comment       0x00000045       0x46 CMakeFiles/H750VBT6.dir/Drivers/STM32H7xx_HAL_Driver/Src/stm32h7xx_hal_uart.c.obj
 .comment       0x00000045       0x46 CMakeFiles/H750VBT6.dir/Drivers/STM32H7xx_HAL_Driver/Src/stm32h7xx_hal_uart_ex.c.obj
 .comment       0x00000045       0x46 CMakeFiles/H750VBT6.dir/Core/Src/system_stm32h7xx.c.obj
 .comment       0x00000045       0x46 CMakeFiles/H750VBT6.dir/Core/Src/sysmem.c.obj
 .comment       0x00000045       0x46 CMakeFiles/H750VBT6.dir/Core/Src/syscalls.c.obj

.debug_frame    0x00000000     0x5f60
 .debug_frame   0x00000000       0x9c C:/Tools/ARMGNU~1/14EFD8~1.2RE/bin/../lib/gcc/arm-none-eabi/14.2.1/thumb/v7e-m+dp/hard\libc_nano.a(libc_a-nano-vfprintf_float.o)
 .debug_frame   0x0000009c       0x60 C:/Tools/ARMGNU~1/14EFD8~1.2RE/bin/../lib/gcc/arm-none-eabi/14.2.1/thumb/v7e-m+dp/hard\libc_nano.a(libc_a-nano-vfprintf_i.o)
 .debug_frame   0x000000fc      0x144 C:/Tools/ARMGNU~1/14EFD8~1.2RE/bin/../lib/gcc/arm-none-eabi/14.2.1/thumb/v7e-m+dp/hard\libc_nano.a(libc_a-findfp.o)
 .debug_frame   0x00000240       0x34 C:/Tools/ARMGNU~1/14EFD8~1.2RE/bin/../lib/gcc/arm-none-eabi/14.2.1/thumb/v7e-m+dp/hard\libc_nano.a(libc_a-fwalk.o)
 .debug_frame   0x00000274       0x88 C:/Tools/ARMGNU~1/14EFD8~1.2RE/bin/../lib/gcc/arm-none-eabi/14.2.1/thumb/v7e-m+dp/hard\libc_nano.a(libc_a-stdio.o)
 .debug_frame   0x000002fc       0x20 C:/Tools/ARMGNU~1/14EFD8~1.2RE/bin/../lib/gcc/arm-none-eabi/14.2.1/thumb/v7e-m+dp/hard\libc_nano.a(libc_a-memset.o)
 .debug_frame   0x0000031c       0x40 C:/Tools/ARMGNU~1/14EFD8~1.2RE/bin/../lib/gcc/arm-none-eabi/14.2.1/thumb/v7e-m+dp/hard\libc_nano.a(libc_a-localeconv.o)
 .debug_frame   0x0000035c       0x2c C:/Tools/ARMGNU~1/14EFD8~1.2RE/bin/../lib/gcc/arm-none-eabi/14.2.1/thumb/v7e-m+dp/hard\libc_nano.a(libc_a-closer.o)
 .debug_frame   0x00000388       0x38 C:/Tools/ARMGNU~1/14EFD8~1.2RE/bin/../lib/gcc/arm-none-eabi/14.2.1/thumb/v7e-m+dp/hard\libc_nano.a(libc_a-reent.o)
 .debug_frame   0x000003c0       0x2c C:/Tools/ARMGNU~1/14EFD8~1.2RE/bin/../lib/gcc/arm-none-eabi/14.2.1/thumb/v7e-m+dp/hard\libc_nano.a(libc_a-lseekr.o)
 .debug_frame   0x000003ec       0x2c C:/Tools/ARMGNU~1/14EFD8~1.2RE/bin/../lib/gcc/arm-none-eabi/14.2.1/thumb/v7e-m+dp/hard\libc_nano.a(libc_a-readr.o)
 .debug_frame   0x00000418       0x2c C:/Tools/ARMGNU~1/14EFD8~1.2RE/bin/../lib/gcc/arm-none-eabi/14.2.1/thumb/v7e-m+dp/hard\libc_nano.a(libc_a-writer.o)
 .debug_frame   0x00000444       0x2c C:/Tools/ARMGNU~1/14EFD8~1.2RE/bin/../lib/gcc/arm-none-eabi/14.2.1/thumb/v7e-m+dp/hard\libc_nano.a(libc_a-init.o)
 .debug_frame   0x00000470       0xb0 C:/Tools/ARMGNU~1/14EFD8~1.2RE/bin/../lib/gcc/arm-none-eabi/14.2.1/thumb/v7e-m+dp/hard\libc_nano.a(libc_a-lock.o)
 .debug_frame   0x00000520       0x4c C:/Tools/ARMGNU~1/14EFD8~1.2RE/bin/../lib/gcc/arm-none-eabi/14.2.1/thumb/v7e-m+dp/hard\libc_nano.a(libc_a-memchr.o)
 .debug_frame   0x0000056c       0x20 C:/Tools/ARMGNU~1/14EFD8~1.2RE/bin/../lib/gcc/arm-none-eabi/14.2.1/thumb/v7e-m+dp/hard\libc_nano.a(libc_a-strlen.o)
 .debug_frame   0x0000058c       0x7c C:/Tools/ARMGNU~1/14EFD8~1.2RE/bin/../lib/gcc/arm-none-eabi/14.2.1/thumb/v7e-m+dp/hard\libc_nano.a(libc_a-dtoa.o)
 .debug_frame   0x00000608       0x38 C:/Tools/ARMGNU~1/14EFD8~1.2RE/bin/../lib/gcc/arm-none-eabi/14.2.1/thumb/v7e-m+dp/hard\libc_nano.a(libc_a-freer.o)
 .debug_frame   0x00000640       0x30 C:/Tools/ARMGNU~1/14EFD8~1.2RE/bin/../lib/gcc/arm-none-eabi/14.2.1/thumb/v7e-m+dp/hard\libc_nano.a(libc_a-malloc.o)
 .debug_frame   0x00000670       0x50 C:/Tools/ARMGNU~1/14EFD8~1.2RE/bin/../lib/gcc/arm-none-eabi/14.2.1/thumb/v7e-m+dp/hard\libc_nano.a(libc_a-mallocr.o)
 .debug_frame   0x000006c0       0x30 C:/Tools/ARMGNU~1/14EFD8~1.2RE/bin/../lib/gcc/arm-none-eabi/14.2.1/thumb/v7e-m+dp/hard\libc_nano.a(libc_a-mlock.o)
 .debug_frame   0x000006f0      0x254 C:/Tools/ARMGNU~1/14EFD8~1.2RE/bin/../lib/gcc/arm-none-eabi/14.2.1/thumb/v7e-m+dp/hard\libc_nano.a(libc_a-mprec.o)
 .debug_frame   0x00000944       0x5c C:/Tools/ARMGNU~1/14EFD8~1.2RE/bin/../lib/gcc/arm-none-eabi/14.2.1/thumb/v7e-m+dp/hard\libc_nano.a(libc_a-fflush.o)
 .debug_frame   0x000009a0       0x48 C:/Tools/ARMGNU~1/14EFD8~1.2RE/bin/../lib/gcc/arm-none-eabi/14.2.1/thumb/v7e-m+dp/hard\libc_nano.a(libc_a-locale.o)
 .debug_frame   0x000009e8       0x2c C:/Tools/ARMGNU~1/14EFD8~1.2RE/bin/../lib/gcc/arm-none-eabi/14.2.1/thumb/v7e-m+dp/hard\libc_nano.a(libc_a-sbrkr.o)
 .debug_frame   0x00000a14       0x28 C:/Tools/ARMGNU~1/14EFD8~1.2RE/bin/../lib/gcc/arm-none-eabi/14.2.1/thumb/v7e-m+dp/hard\libc_nano.a(libc_a-memcpy-stub.o)
 .debug_frame   0x00000a3c       0x40 C:/Tools/ARMGNU~1/14EFD8~1.2RE/bin/../lib/gcc/arm-none-eabi/14.2.1/thumb/v7e-m+dp/hard\libc_nano.a(libc_a-assert.o)
 .debug_frame   0x00000a7c       0x2c C:/Tools/ARMGNU~1/14EFD8~1.2RE/bin/../lib/gcc/arm-none-eabi/14.2.1/thumb/v7e-m+dp/hard\libc_nano.a(libc_a-callocr.o)
 .debug_frame   0x00000aa8       0x48 C:/Tools/ARMGNU~1/14EFD8~1.2RE/bin/../lib/gcc/arm-none-eabi/14.2.1/thumb/v7e-m+dp/hard\libc_nano.a(libc_a-mbtowc_r.o)
 .debug_frame   0x00000af0       0x3c C:/Tools/ARMGNU~1/14EFD8~1.2RE/bin/../lib/gcc/arm-none-eabi/14.2.1/thumb/v7e-m+dp/hard\libc_nano.a(libc_a-wctomb_r.o)
 .debug_frame   0x00000b2c       0x64 C:/Tools/ARMGNU~1/14EFD8~1.2RE/bin/../lib/gcc/arm-none-eabi/14.2.1/thumb/v7e-m+dp/hard\libc_nano.a(libc_a-fprintf.o)
 .debug_frame   0x00000b90       0x28 C:/Tools/ARMGNU~1/14EFD8~1.2RE/bin/../lib/gcc/arm-none-eabi/14.2.1/thumb/v7e-m+dp/hard\libc_nano.a(libc_a-abort.o)
 .debug_frame   0x00000bb8       0xa8 C:/Tools/ARMGNU~1/14EFD8~1.2RE/bin/../lib/gcc/arm-none-eabi/14.2.1/thumb/v7e-m+dp/hard\libc_nano.a(libc_a-nano-vfprintf.o)
 .debug_frame   0x00000c60       0x40 C:/Tools/ARMGNU~1/14EFD8~1.2RE/bin/../lib/gcc/arm-none-eabi/14.2.1/thumb/v7e-m+dp/hard\libc_nano.a(libc_a-wbuf.o)
 .debug_frame   0x00000ca0       0x2c C:/Tools/ARMGNU~1/14EFD8~1.2RE/bin/../lib/gcc/arm-none-eabi/14.2.1/thumb/v7e-m+dp/hard\libc_nano.a(libc_a-wsetup.o)
 .debug_frame   0x00000ccc       0xcc C:/Tools/ARMGNU~1/14EFD8~1.2RE/bin/../lib/gcc/arm-none-eabi/14.2.1/thumb/v7e-m+dp/hard\libc_nano.a(libc_a-signal.o)
 .debug_frame   0x00000d98       0x3c C:/Tools/ARMGNU~1/14EFD8~1.2RE/bin/../lib/gcc/arm-none-eabi/14.2.1/thumb/v7e-m+dp/hard\libc_nano.a(libc_a-signalr.o)
 .debug_frame   0x00000dd4       0x58 C:/Tools/ARMGNU~1/14EFD8~1.2RE/bin/../lib/gcc/arm-none-eabi/14.2.1/thumb/v7e-m+dp/hard\libc_nano.a(libc_a-makebuf.o)
 .debug_frame   0x00000e2c       0x2c C:/Tools/ARMGNU~1/14EFD8~1.2RE/bin/../lib/gcc/arm-none-eabi/14.2.1/thumb/v7e-m+dp/hard\libc_nano.a(libc_a-fstatr.o)
 .debug_frame   0x00000e58       0x2c C:/Tools/ARMGNU~1/14EFD8~1.2RE/bin/../lib/gcc/arm-none-eabi/14.2.1/thumb/v7e-m+dp/hard\libc_nano.a(libc_a-isattyr.o)
 .debug_frame   0x00000e84       0xb0 CMakeFiles/H750VBT6.dir/Core/Src/main.c.obj
 .debug_frame   0x00000f34       0x34 CMakeFiles/H750VBT6.dir/Core/Src/gpio.c.obj
 .debug_frame   0x00000f68       0x94 CMakeFiles/H750VBT6.dir/Core/Src/spi.c.obj
 .debug_frame   0x00000ffc       0xa8 CMakeFiles/H750VBT6.dir/Core/Src/tim.c.obj
 .debug_frame   0x000010a4       0x78 CMakeFiles/H750VBT6.dir/Core/Src/usart.c.obj
 .debug_frame   0x0000111c      0x120 CMakeFiles/H750VBT6.dir/Core/Src/stm32h7xx_it.c.obj
 .debug_frame   0x0000123c       0x38 CMakeFiles/H750VBT6.dir/Core/Src/stm32h7xx_hal_msp.c.obj
 .debug_frame   0x00001274      0x508 CMakeFiles/H750VBT6.dir/Drivers/STM32H7xx_HAL_Driver/Src/stm32h7xx_hal_cortex.c.obj
 .debug_frame   0x0000177c      0x1f8 CMakeFiles/H750VBT6.dir/Drivers/STM32H7xx_HAL_Driver/Src/stm32h7xx_hal_rcc.c.obj
 .debug_frame   0x00001974      0x414 CMakeFiles/H750VBT6.dir/Drivers/STM32H7xx_HAL_Driver/Src/stm32h7xx_hal_rcc_ex.c.obj
 .debug_frame   0x00001d88      0x14c CMakeFiles/H750VBT6.dir/Drivers/STM32H7xx_HAL_Driver/Src/stm32h7xx_hal_gpio.c.obj
 .debug_frame   0x00001ed4      0x2b4 CMakeFiles/H750VBT6.dir/Drivers/STM32H7xx_HAL_Driver/Src/stm32h7xx_hal_dma.c.obj
 .debug_frame   0x00002188      0x580 CMakeFiles/H750VBT6.dir/Drivers/STM32H7xx_HAL_Driver/Src/stm32h7xx_hal_pwr_ex.c.obj
 .debug_frame   0x00002708      0x690 CMakeFiles/H750VBT6.dir/Drivers/STM32H7xx_HAL_Driver/Src/stm32h7xx_hal.c.obj
 .debug_frame   0x00002d98      0x7a8 CMakeFiles/H750VBT6.dir/Drivers/STM32H7xx_HAL_Driver/Src/stm32h7xx_hal_spi.c.obj
 .debug_frame   0x00003540     0x121c CMakeFiles/H750VBT6.dir/Drivers/STM32H7xx_HAL_Driver/Src/stm32h7xx_hal_tim.c.obj
 .debug_frame   0x0000475c      0x6d8 CMakeFiles/H750VBT6.dir/Drivers/STM32H7xx_HAL_Driver/Src/stm32h7xx_hal_tim_ex.c.obj
 .debug_frame   0x00004e34      0xa94 CMakeFiles/H750VBT6.dir/Drivers/STM32H7xx_HAL_Driver/Src/stm32h7xx_hal_uart.c.obj
 .debug_frame   0x000058c8      0x2c0 CMakeFiles/H750VBT6.dir/Drivers/STM32H7xx_HAL_Driver/Src/stm32h7xx_hal_uart_ex.c.obj
 .debug_frame   0x00005b88       0x78 CMakeFiles/H750VBT6.dir/Core/Src/system_stm32h7xx.c.obj
 .debug_frame   0x00005c00       0x34 CMakeFiles/H750VBT6.dir/Core/Src/sysmem.c.obj
 .debug_frame   0x00005c34      0x2ac CMakeFiles/H750VBT6.dir/Core/Src/syscalls.c.obj
 .debug_frame   0x00005ee0       0x2c C:/Tools/ARMGNU~1/14EFD8~1.2RE/bin/../lib/gcc/arm-none-eabi/14.2.1/thumb/v7e-m+dp/hard\libgcc.a(_aeabi_uldivmod.o)
 .debug_frame   0x00005f0c       0x34 C:/Tools/ARMGNU~1/14EFD8~1.2RE/bin/../lib/gcc/arm-none-eabi/14.2.1/thumb/v7e-m+dp/hard\libgcc.a(_udivmoddi4.o)
 .debug_frame   0x00005f40       0x20 C:/Tools/ARMGNU~1/14EFD8~1.2RE/bin/../lib/gcc/arm-none-eabi/14.2.1/thumb/v7e-m+dp/hard\libg_nano.a(libc_a-errno.o)

.debug_line_str
                0x00000000      0x227
 .debug_line_str
                0x00000000      0x227 C:/Tools/ARMGNU~1/14EFD8~1.2RE/bin/../lib/gcc/arm-none-eabi/14.2.1/thumb/v7e-m+dp/hard\libc_nano.a(libc_a-memchr.o)
                                 0xe1 (size before relaxing)
 .debug_line_str
                0x00000227       0xeb C:/Tools/ARMGNU~1/14EFD8~1.2RE/bin/../lib/gcc/arm-none-eabi/14.2.1/thumb/v7e-m+dp/hard\libc_nano.a(libc_a-strlen.o)
 .debug_line_str
                0x00000227       0x5e CMakeFiles/H750VBT6.dir/startup_stm32h750xx.s.obj
 .debug_line_str
                0x00000227       0xc9 C:/Tools/ARMGNU~1/14EFD8~1.2RE/bin/../lib/gcc/arm-none-eabi/14.2.1/thumb/v7e-m+dp/hard\libgcc.a(_aeabi_uldivmod.o)
 .debug_line_str
                0x00000227       0xcd C:/Tools/ARMGNU~1/14EFD8~1.2RE/bin/../lib/gcc/arm-none-eabi/14.2.1/thumb/v7e-m+dp/hard\libgcc.a(_dvmd_tls.o)

.debug_info     0x00000000    0x18dfc
 .debug_info    0x00000000      0xe4a CMakeFiles/H750VBT6.dir/Core/Src/main.c.obj
 .debug_info    0x00000e4a      0x634 CMakeFiles/H750VBT6.dir/Core/Src/gpio.c.obj
 .debug_info    0x0000147e     0x14cd CMakeFiles/H750VBT6.dir/Core/Src/spi.c.obj
 .debug_info    0x0000294b      0xf8a CMakeFiles/H750VBT6.dir/Core/Src/tim.c.obj
 .debug_info    0x000038d5     0x10b5 CMakeFiles/H750VBT6.dir/Core/Src/usart.c.obj
 .debug_info    0x0000498a      0x83e CMakeFiles/H750VBT6.dir/Core/Src/stm32h7xx_it.c.obj
 .debug_info    0x000051c8      0x464 CMakeFiles/H750VBT6.dir/Core/Src/stm32h7xx_hal_msp.c.obj
 .debug_info    0x0000562c     0x10b7 CMakeFiles/H750VBT6.dir/Drivers/STM32H7xx_HAL_Driver/Src/stm32h7xx_hal_cortex.c.obj
 .debug_info    0x000066e3      0xe6a CMakeFiles/H750VBT6.dir/Drivers/STM32H7xx_HAL_Driver/Src/stm32h7xx_hal_rcc.c.obj
 .debug_info    0x0000754d     0x1225 CMakeFiles/H750VBT6.dir/Drivers/STM32H7xx_HAL_Driver/Src/stm32h7xx_hal_rcc_ex.c.obj
 .debug_info    0x00008772      0xc5a CMakeFiles/H750VBT6.dir/Drivers/STM32H7xx_HAL_Driver/Src/stm32h7xx_hal_gpio.c.obj
 .debug_info    0x000093cc      0xc31 CMakeFiles/H750VBT6.dir/Drivers/STM32H7xx_HAL_Driver/Src/stm32h7xx_hal_dma.c.obj
 .debug_info    0x00009ffd     0x1012 CMakeFiles/H750VBT6.dir/Drivers/STM32H7xx_HAL_Driver/Src/stm32h7xx_hal_pwr_ex.c.obj
 .debug_info    0x0000b00f     0x1541 CMakeFiles/H750VBT6.dir/Drivers/STM32H7xx_HAL_Driver/Src/stm32h7xx_hal.c.obj
 .debug_info    0x0000c550     0x144a CMakeFiles/H750VBT6.dir/Drivers/STM32H7xx_HAL_Driver/Src/stm32h7xx_hal_spi.c.obj
 .debug_info    0x0000d99a     0x2bae CMakeFiles/H750VBT6.dir/Drivers/STM32H7xx_HAL_Driver/Src/stm32h7xx_hal_tim.c.obj
 .debug_info    0x00010548     0x17eb CMakeFiles/H750VBT6.dir/Drivers/STM32H7xx_HAL_Driver/Src/stm32h7xx_hal_tim_ex.c.obj
 .debug_info    0x00011d33     0x4b1d CMakeFiles/H750VBT6.dir/Drivers/STM32H7xx_HAL_Driver/Src/stm32h7xx_hal_uart.c.obj
 .debug_info    0x00016850      0xfbf CMakeFiles/H750VBT6.dir/Drivers/STM32H7xx_HAL_Driver/Src/stm32h7xx_hal_uart_ex.c.obj
 .debug_info    0x0001780f      0xdb2 CMakeFiles/H750VBT6.dir/Core/Src/system_stm32h7xx.c.obj
 .debug_info    0x000185c1      0x168 CMakeFiles/H750VBT6.dir/Core/Src/sysmem.c.obj
 .debug_info    0x00018729      0x6a3 CMakeFiles/H750VBT6.dir/Core/Src/syscalls.c.obj
 .debug_info    0x00018dcc       0x30 CMakeFiles/H750VBT6.dir/startup_stm32h750xx.s.obj

.debug_abbrev   0x00000000     0x30f6
 .debug_abbrev  0x00000000      0x2a9 CMakeFiles/H750VBT6.dir/Core/Src/main.c.obj
 .debug_abbrev  0x000002a9      0x189 CMakeFiles/H750VBT6.dir/Core/Src/gpio.c.obj
 .debug_abbrev  0x00000432      0x236 CMakeFiles/H750VBT6.dir/Core/Src/spi.c.obj
 .debug_abbrev  0x00000668      0x238 CMakeFiles/H750VBT6.dir/Core/Src/tim.c.obj
 .debug_abbrev  0x000008a0      0x241 CMakeFiles/H750VBT6.dir/Core/Src/usart.c.obj
 .debug_abbrev  0x00000ae1      0x195 CMakeFiles/H750VBT6.dir/Core/Src/stm32h7xx_it.c.obj
 .debug_abbrev  0x00000c76       0xdb CMakeFiles/H750VBT6.dir/Core/Src/stm32h7xx_hal_msp.c.obj
 .debug_abbrev  0x00000d51      0x339 CMakeFiles/H750VBT6.dir/Drivers/STM32H7xx_HAL_Driver/Src/stm32h7xx_hal_cortex.c.obj
 .debug_abbrev  0x0000108a      0x2c8 CMakeFiles/H750VBT6.dir/Drivers/STM32H7xx_HAL_Driver/Src/stm32h7xx_hal_rcc.c.obj
 .debug_abbrev  0x00001352      0x269 CMakeFiles/H750VBT6.dir/Drivers/STM32H7xx_HAL_Driver/Src/stm32h7xx_hal_rcc_ex.c.obj
 .debug_abbrev  0x000015bb      0x205 CMakeFiles/H750VBT6.dir/Drivers/STM32H7xx_HAL_Driver/Src/stm32h7xx_hal_gpio.c.obj
 .debug_abbrev  0x000017c0      0x248 CMakeFiles/H750VBT6.dir/Drivers/STM32H7xx_HAL_Driver/Src/stm32h7xx_hal_dma.c.obj
 .debug_abbrev  0x00001a08      0x2a7 CMakeFiles/H750VBT6.dir/Drivers/STM32H7xx_HAL_Driver/Src/stm32h7xx_hal_pwr_ex.c.obj
 .debug_abbrev  0x00001caf      0x295 CMakeFiles/H750VBT6.dir/Drivers/STM32H7xx_HAL_Driver/Src/stm32h7xx_hal.c.obj
 .debug_abbrev  0x00001f44      0x2b1 CMakeFiles/H750VBT6.dir/Drivers/STM32H7xx_HAL_Driver/Src/stm32h7xx_hal_spi.c.obj
 .debug_abbrev  0x000021f5      0x276 CMakeFiles/H750VBT6.dir/Drivers/STM32H7xx_HAL_Driver/Src/stm32h7xx_hal_tim.c.obj
 .debug_abbrev  0x0000246b      0x281 CMakeFiles/H750VBT6.dir/Drivers/STM32H7xx_HAL_Driver/Src/stm32h7xx_hal_tim_ex.c.obj
 .debug_abbrev  0x000026ec      0x33d CMakeFiles/H750VBT6.dir/Drivers/STM32H7xx_HAL_Driver/Src/stm32h7xx_hal_uart.c.obj
 .debug_abbrev  0x00002a29      0x2d2 CMakeFiles/H750VBT6.dir/Drivers/STM32H7xx_HAL_Driver/Src/stm32h7xx_hal_uart_ex.c.obj
 .debug_abbrev  0x00002cfb      0x165 CMakeFiles/H750VBT6.dir/Core/Src/system_stm32h7xx.c.obj
 .debug_abbrev  0x00002e60       0xbc CMakeFiles/H750VBT6.dir/Core/Src/sysmem.c.obj
 .debug_abbrev  0x00002f1c      0x1b6 CMakeFiles/H750VBT6.dir/Core/Src/syscalls.c.obj
 .debug_abbrev  0x000030d2       0x24 CMakeFiles/H750VBT6.dir/startup_stm32h750xx.s.obj

.debug_aranges  0x00000000     0x1340
 .debug_aranges
                0x00000000       0x40 CMakeFiles/H750VBT6.dir/Core/Src/main.c.obj
 .debug_aranges
                0x00000040       0x20 CMakeFiles/H750VBT6.dir/Core/Src/gpio.c.obj
 .debug_aranges
                0x00000060       0x38 CMakeFiles/H750VBT6.dir/Core/Src/spi.c.obj
 .debug_aranges
                0x00000098       0x38 CMakeFiles/H750VBT6.dir/Core/Src/tim.c.obj
 .debug_aranges
                0x000000d0       0x30 CMakeFiles/H750VBT6.dir/Core/Src/usart.c.obj
 .debug_aranges
                0x00000100       0x68 CMakeFiles/H750VBT6.dir/Core/Src/stm32h7xx_it.c.obj
 .debug_aranges
                0x00000168       0x20 CMakeFiles/H750VBT6.dir/Core/Src/stm32h7xx_hal_msp.c.obj
 .debug_aranges
                0x00000188      0x130 CMakeFiles/H750VBT6.dir/Drivers/STM32H7xx_HAL_Driver/Src/stm32h7xx_hal_cortex.c.obj
 .debug_aranges
                0x000002b8       0x88 CMakeFiles/H750VBT6.dir/Drivers/STM32H7xx_HAL_Driver/Src/stm32h7xx_hal_rcc.c.obj
 .debug_aranges
                0x00000340       0xf8 CMakeFiles/H750VBT6.dir/Drivers/STM32H7xx_HAL_Driver/Src/stm32h7xx_hal_rcc_ex.c.obj
 .debug_aranges
                0x00000438       0x58 CMakeFiles/H750VBT6.dir/Drivers/STM32H7xx_HAL_Driver/Src/stm32h7xx_hal_gpio.c.obj
 .debug_aranges
                0x00000490       0xa0 CMakeFiles/H750VBT6.dir/Drivers/STM32H7xx_HAL_Driver/Src/stm32h7xx_hal_dma.c.obj
 .debug_aranges
                0x00000530      0x158 CMakeFiles/H750VBT6.dir/Drivers/STM32H7xx_HAL_Driver/Src/stm32h7xx_hal_pwr_ex.c.obj
 .debug_aranges
                0x00000688      0x198 CMakeFiles/H750VBT6.dir/Drivers/STM32H7xx_HAL_Driver/Src/stm32h7xx_hal.c.obj
 .debug_aranges
                0x00000820      0x1a8 CMakeFiles/H750VBT6.dir/Drivers/STM32H7xx_HAL_Driver/Src/stm32h7xx_hal_spi.c.obj
 .debug_aranges
                0x000009c8      0x3e0 CMakeFiles/H750VBT6.dir/Drivers/STM32H7xx_HAL_Driver/Src/stm32h7xx_hal_tim.c.obj
 .debug_aranges
                0x00000da8      0x188 CMakeFiles/H750VBT6.dir/Drivers/STM32H7xx_HAL_Driver/Src/stm32h7xx_hal_tim_ex.c.obj
 .debug_aranges
                0x00000f30      0x248 CMakeFiles/H750VBT6.dir/Drivers/STM32H7xx_HAL_Driver/Src/stm32h7xx_hal_uart.c.obj
 .debug_aranges
                0x00001178       0xa8 CMakeFiles/H750VBT6.dir/Drivers/STM32H7xx_HAL_Driver/Src/stm32h7xx_hal_uart_ex.c.obj
 .debug_aranges